HI-TECH Software C Compiler 

Linker command line:

--edf=C:\Program Files (x86)\HI-TECH Software\PICC\9.83\dat\en_msgs.txt -cs \
  -h+catgenius_16f1939.sym -z -Q16F1939 -ol.obj -Mcatgenius_16f1939.map -E1 \
  -ACONST=00h-0FFhx64 -ACODE=00h-07FFhx8 -ASTRCODE=00h-03FFFh \
  -AENTRY=00h-0FFhx64 -ASTRING=00h-0FFhx64 -ABANK0=020h-06Fh \
  -ABANK1=0A0h-0EFh -ABANK2=0120h-016Fh -ABANK3=01A0h-01EFh \
  -ABANK4=0220h-026Fh -ABANK5=02A0h-02EFh -ABANK6=0320h-036Fh \
  -ABANK7=03A0h-03EFh -ABANK8=0420h-046Fh -ABANK9=04A0h-04EFh \
  -ABANK10=0520h-056Fh -ABANK11=05A0h-05EFh -ABANK12=0620h-064Fh \
  -ABIGRAM=02000h-023EFh \
  -ARAM=020h-06Fh,0A0h-0EFh,0120h-016Fh,01A0h-01EFh,0220h-026Fh,02A0h-02EFh,0320h-036Fh,03A0h-03EFh,0420h-046Fh,04A0h-04EFh,0520h-056Fh,05A0h-05EFh,0620h-064Fh \
  -AABS1=020h-07Fh,0A0h-0EFh,0120h-016Fh,01A0h-01EFh,0220h-026Fh,02A0h-02EFh,0320h-036Fh,03A0h-03EFh,0420h-046Fh,04A0h-04EFh,0520h-056Fh,05A0h-05EFh,0620h-064Fh \
  -ACOMMON=070h-07Fh -ASFR0=00h-01Fh -ASFR1=080h-09Fh -ASFR2=0100h-011Fh \
  -ASFR3=0180h-019Fh -ASFR4=0200h-021Fh -ASFR5=0280h-029Fh \
  -ASFR6=0300h-031Fh -ASFR7=0380h-039Fh -ASFR8=0400h-041Fh \
  -ASFR9=0480h-049Fh -ASFR10=0500h-051Fh -ASFR11=0580h-059Fh \
  -ASFR12=0600h-061Fh -ASFR13=0680h-06EFh -ASFR14=0700h-076Fh \
  -ASFR15=0780h-07EFh -ASFR16=0800h-086Fh -ASFR17=0880h-08EFh \
  -ASFR18=0900h-096Fh -ASFR19=0980h-09EFh -ASFR20=0A00h-0A6Fh \
  -ASFR21=0A80h-0AEFh -ASFR22=0B00h-0B6Fh -ASFR23=0B80h-0BEFh \
  -ASFR24=0C00h-0C6Fh -ASFR25=0C80h-0CEFh -ASFR26=0D00h-0D6Fh \
  -ASFR27=0D80h-0DEFh -ASFR28=0E00h-0E6Fh -ASFR29=0E80h-0EEFh \
  -ASFR30=0F00h-0F6Fh -ASFR31=0F80h-0FEFh \
  -preset_vec=00h,intentry=04h,init,end_init -ppowerup=CODE -pfunctab=CODE \
  -ACONFIG=08007h-08008h -pconfig=CONFIG -DCONFIG=2 -AIDLOC=08000h-08003h \
  -pidloc=IDLOC -DIDLOC=2 -AEEDATA=00h-0FFh/0F000h -peeprom_data=EEDATA \
  -DEEDATA=2 -DCODE=2 -DSTRCODE=2 -DSTRING=2 -DCONST=2 -DENTRY=2 -k \
  C:\Users\chris\AppData\Local\Temp\sh2c.obj catgenius_16f1939.obj 

Object code version is 3.10

Machine type is 16F1939



                Name                               Link     Load   Length Selector   Space Scale
C:\Users\chris\AppData\Local\Temp\sh2c.obj
                end_init                             50       50        3        8       0
                init                                 4E       4E        2        8       0
                reset_vec                             0        0        2        0       0
catgenius_16f1939.obj
                functab                             100      100        D        2       0
                intentry                              4        4       4A        8       0
                config                             8007     8007        2    1000E       0
                text3319                           2B47     2B47       27     568E       0
                text3318                           2A10     2A10       1C     5420       0
                text3317                           284D     284D        C     509A       0
                text3316                            10D      10D       D1        2       0
                text3315                             FF       FF        1      1FE       0
                text3313                           2837     2837        B     506E       0
                text3312                           2883     2883        F     5106       0
                text3311                           2B6E     2B6E       28     56DC       0
                text3310                           37F7     37F7        9     6FEE       0
                text3309                           2CA5     2CA5       37     594A       0
                text3308                           2ADC     2ADC       23     55B8       0
                text3307                           37D8     37D8        6     6FB0       0
                text3306                           37DE     37DE        6     6FBC       0
                text3305                           1800     1800        C     2940       0
                text3304                           37C9     37C9        5     6F92       0
                text3303                           2A2C     2A2C       1C     5458       0
                text3302                           28ED     28ED       11     51DA       0
                text3301                           37F0     37F0        7     6FE0       0
                text3300                           2A81     2A81       1E     5502       0
                text3299                           2AFF     2AFF       24     55FE       0
                text3298                           2A9F     2A9F       1E     553E       0
                text3297                           2B23     2B23       24     5646       0
                text3296                           297E     297E       16     52FC       0
                text3295                           37CE     37CE        5     6F9C       0
                text3294                           28FE     28FE       11     51FC       0
                text3293                           37D3     37D3        5     6FA6       0
                text3292                           290F     290F       11     521E       0
                text3291                           2E09     2E09       48     5C12       0
                text3290                           1BF0     1BF0      13E     37E0       0
                text3289                           2832     2832        5     5064       0
                text3288                           2842     2842        B     5084       0
                text3287                           29C2     29C2       1A     5384       0
                text3286                           2C1A     2C1A       2E     5834       0
                text3285                           2A48     2A48       1C     5490       0
                text3284                            1FF      1FF        1        2       0
                text3283                           2E51     2E51       4E     5CA2       0
                text3282                           2F47     2F47       5B     5E8E       0
                text3281                           2BC0     2BC0       2D     5780       0
                text3280                           227E     227E       6C     44FC       0
                text3279                           2C76     2C76       2F     58EC       0
                text3278                           1000     1000       53     167A       0
                text3277                           2994     2994       16     5328       0
                text3276                           29DC     29DC       1A     53B8       0
                text3275                           2000     2000       25     3D18       0
                text3274                           2DC2     2DC2       47     5B84       0
                text3273                           2D83     2D83       3F     5B06       0
                text3272                           2D13     2D13       38     5A26       0
                text3271                           20E4     20E4       63     41C8       0
                text3270                             53       53       A0        8       0
                text3269                           19FF     19FF       C7     33FE       0
                text3268                           14A0     14A0      360     2940       0
                text3267                           235B     235B       74     46B6       0
                text3266                           2943     2943       13     5286       0
                text3265                           2956     2956       13     52AC       0
                text3264                           2147     2147       65     428E       0
                text3263                           28DD     28DD       10     51BA       0
                text3262                           23CF     23CF       77     479E       0
                text3261                           2E9F     2E9F       4E     5D3E       0
                text3260                           2A64     2A64       1D     54C8       0
                text3259                           2859     2859        E     50B2       0
                text3258                           2084     2084       60     4108       0
                text3257                           2BED     2BED       2D     57DA       0
                text3256                           2537     2537       7C     4A6E       0
                text3255                           26BE     26BE       90     4D7C       0
                text3254                           2969     2969       15     52D2       0
                text3253                           2892     2892        F     5124       0
                text3252                           28A1     28A1        F     5142       0
                text3251                           28B0     28B0        F     5160       0
                text3250                           28BF     28BF        F     517E       0
                text3249                           28CE     28CE        F     519C       0
                text3248                           2025     2025       5F     404A       0
                text3247                           24BD     24BD       7A     497A       0
                text3246                           2D4B     2D4B       38     5A96       0
                text3245                            94C      94C       40     1298       0
                text3244                           1256     1256      24A     24AC       0
                text3243                           21AC     21AC       69     4358       0
                text3242                           22EA     22EA       71     45D4       0
                text3241                           2EED     2EED       5A     5DDA       0
                swtext3                            281E     281E       14     5000       0
                text3240                            98C      98C      1B1     1318       0
                text3239                           1AC6     1AC6      12A     358C       0
                text3238                           2C48     2C48       2E     5890       0
                text3237                           25B3     25B3       7D     4B66       0
                text3236                           1942     1942       BD     3284       0
                swtext2                            2800     2800       1E     5000       0
                text3235                            B3D      B3D      4C3     167A       0
                text3234                            1DE      1DE       21        2       0
                text3233                           2446     2446       77     488C       0
                text3232                           29F6     29F6       1A     53EC       0
                text3231                           2215     2215       69     442A       0
                text3230                           188D     188D       B5     311A       0
                text3229                           180C     180C       81     3018       0
                text3228                           2630     2630       8E     4C60       0
                text3227                           1D2E     1D2E      15E     3A5C       0
                text3226                           2ABD     2ABD       1F     557A       0
                swtext1                              F3       F3        C      1E6       0
                text3225                           1E8C     1E8C      174     3D18       0
                text3224                           2867     2867        E     50CE       0
                text3223                           2920     2920       11     5240       0
                text3222                           2875     2875        E     50EA       0
                text3221                           1053     1053      203     20A6       0
                maintext                           274E     274E       B2     4E9C       0
                cstackBANK0                          21       21       41       21       1
                cstackCOMMON                         72       72        C       70       1
                cstackBANK1                          A0       A0       26       A0       1
                inittext                           37E4     37E4        6     6FC8       0
                clrtext                            37EA     37EA        6     6FD4       0
                dataBANK4                           220      220       37      220       1
                dataBANK3                           1A0      1A0       2A      1A0       1
                bssBANK3                            1CA      1CA       18      1A0       1
                dataBANK2                           158      158       18      120       1
                bssBANK2                            120      120       38      120       1
                dataBANK1                            DD       DD       12       A0       1
                bssBANK1                             C6       C6       17       A0       1
                dataBANK0                            6E       6E        2       21       1
                bssBANK0                             62       62        B       21       1
                bitbssBANK0                         368       6D        5       21       1     8
                bitbssCOMMON                        380       70        F       70       1     8
                cinit                              2FA2     2FA2       5E     5F44       0
                stringtext                          200      200      74B        4       0
                idataBANK1                         2931     2931       12     5262       0
                idataBANK4                         2CDC     2CDC       37     59B8       0
                idataBANK3                         2B96     2B96       2A     572C       0
                idataBANK2                         29AA     29AA       18     5354       0
                idataBANK0                            2        2        2        0       0

TOTAL           Name                               Link     Load   Length     Space
        CLASS   CONST          
                swtext3                            281E     281E       14         0
                swtext2                            2800     2800       1E         0
                swtext1                              F3       F3        C         0

        CLASS   CODE           
                end_init                             50       50        3         0
                init                                 4E       4E        2         0
                functab                             100      100        D         0
                intentry                              4        4       4A         0
                reset_vec                             0        0        2         0
                text3319                           2B47     2B47       27         0
                text3318                           2A10     2A10       1C         0
                text3317                           284D     284D        C         0
                text3316                            10D      10D       D1         0
                text3315                             FF       FF        1         0
                text3313                           2837     2837        B         0
                text3312                           2883     2883        F         0
                text3311                           2B6E     2B6E       28         0
                text3310                           37F7     37F7        9         0
                text3309                           2CA5     2CA5       37         0
                text3308                           2ADC     2ADC       23         0
                text3307                           37D8     37D8        6         0
                text3306                           37DE     37DE        6         0
                text3305                           1800     1800        C         0
                text3304                           37C9     37C9        5         0
                text3303                           2A2C     2A2C       1C         0
                text3302                           28ED     28ED       11         0
                text3301                           37F0     37F0        7         0
                text3300                           2A81     2A81       1E         0
                text3299                           2AFF     2AFF       24         0
                text3298                           2A9F     2A9F       1E         0
                text3297                           2B23     2B23       24         0
                text3296                           297E     297E       16         0
                text3295                           37CE     37CE        5         0
                text3294                           28FE     28FE       11         0
                text3293                           37D3     37D3        5         0
                text3292                           290F     290F       11         0
                text3291                           2E09     2E09       48         0
                text3290                           1BF0     1BF0      13E         0
                text3289                           2832     2832        5         0
                text3288                           2842     2842        B         0
                text3287                           29C2     29C2       1A         0
                text3286                           2C1A     2C1A       2E         0
                text3285                           2A48     2A48       1C         0
                text3284                            1FF      1FF        1         0
                text3283                           2E51     2E51       4E         0
                text3282                           2F47     2F47       5B         0
                text3281                           2BC0     2BC0       2D         0
                text3280                           227E     227E       6C         0
                text3279                           2C76     2C76       2F         0
                text3278                           1000     1000       53         0
                text3277                           2994     2994       16         0
                text3276                           29DC     29DC       1A         0
                text3275                           2000     2000       25         0
                text3274                           2DC2     2DC2       47         0
                text3273                           2D83     2D83       3F         0
                text3272                           2D13     2D13       38         0
                text3271                           20E4     20E4       63         0
                text3270                             53       53       A0         0
                text3269                           19FF     19FF       C7         0
                text3268                           14A0     14A0      360         0
                text3267                           235B     235B       74         0
                text3266                           2943     2943       13         0
                text3265                           2956     2956       13         0
                text3264                           2147     2147       65         0
                text3263                           28DD     28DD       10         0
                text3262                           23CF     23CF       77         0
                text3261                           2E9F     2E9F       4E         0
                text3260                           2A64     2A64       1D         0
                text3259                           2859     2859        E         0
                text3258                           2084     2084       60         0
                text3257                           2BED     2BED       2D         0
                text3256                           2537     2537       7C         0
                text3255                           26BE     26BE       90         0
                text3254                           2969     2969       15         0
                text3253                           2892     2892        F         0
                text3252                           28A1     28A1        F         0
                text3251                           28B0     28B0        F         0
                text3250                           28BF     28BF        F         0
                text3249                           28CE     28CE        F         0
                text3248                           2025     2025       5F         0
                text3247                           24BD     24BD       7A         0
                text3246                           2D4B     2D4B       38         0
                text3245                            94C      94C       40         0
                text3244                           1256     1256      24A         0
                text3243                           21AC     21AC       69         0
                text3242                           22EA     22EA       71         0
                text3241                           2EED     2EED       5A         0
                text3240                            98C      98C      1B1         0
                text3239                           1AC6     1AC6      12A         0
                text3238                           2C48     2C48       2E         0
                text3237                           25B3     25B3       7D         0
                text3236                           1942     1942       BD         0
                text3235                            B3D      B3D      4C3         0
                text3234                            1DE      1DE       21         0
                text3233                           2446     2446       77         0
                text3232                           29F6     29F6       1A         0
                text3231                           2215     2215       69         0
                text3230                           188D     188D       B5         0
                text3229                           180C     180C       81         0
                text3228                           2630     2630       8E         0
                text3227                           1D2E     1D2E      15E         0
                text3226                           2ABD     2ABD       1F         0
                text3225                           1E8C     1E8C      174         0
                text3224                           2867     2867        E         0
                text3223                           2920     2920       11         0
                text3222                           2875     2875        E         0
                text3221                           1053     1053      203         0
                maintext                           274E     274E       B2         0
                inittext                           37E4     37E4        6         0
                clrtext                            37EA     37EA        6         0
                cinit                              2FA2     2FA2       5E         0
                idataBANK1                         2931     2931       12         0
                idataBANK4                         2CDC     2CDC       37         0
                idataBANK3                         2B96     2B96       2A         0
                idataBANK2                         29AA     29AA       18         0
                idataBANK0                            2        2        2         0

        CLASS   STRCODE        
                stringtext                          200      200      74B         0

        CLASS   ENTRY          

        CLASS   STRING         

        CLASS   BANK0          
                cstackBANK0                          21       21       41         1
                dataBANK0                            6E       6E        2         1
                bssBANK0                             62       62        B         1
                bitbssBANK0                         368       6D        5         1

        CLASS   BANK1          
                cstackBANK1                          A0       A0       26         1
                dataBANK1                            DD       DD       12         1
                bssBANK1                             C6       C6       17         1

        CLASS   BANK2          
                dataBANK2                           158      158       18         1
                bssBANK2                            120      120       38         1

        CLASS   BANK3          
                dataBANK3                           1A0      1A0       2A         1
                bssBANK3                            1CA      1CA       18         1

        CLASS   BANK4          
                dataBANK4                           220      220       37         1

        CLASS   BANK5          

        CLASS   BANK6          

        CLASS   BANK7          

        CLASS   BANK8          

        CLASS   BANK9          

        CLASS   BANK10         

        CLASS   BANK11         

        CLASS   BANK12         

        CLASS   BIGRAM         

        CLASS   RAM            

        CLASS   ABS1           
                abs_s1                               20       20        1         1
                abs_s1                               7E       7E        2         1

        CLASS   COMMON         
                cstackCOMMON                         72       72        C         1
                bitbssCOMMON                        380       70        F         1

        CLASS   SFR0           

        CLASS   SFR1           

        CLASS   SFR2           

        CLASS   SFR3           

        CLASS   SFR4           

        CLASS   SFR5           

        CLASS   SFR6           

        CLASS   SFR7           

        CLASS   SFR8           

        CLASS   SFR9           

        CLASS   SFR10          

        CLASS   SFR11          

        CLASS   SFR12          

        CLASS   SFR13          

        CLASS   SFR14          

        CLASS   SFR15          

        CLASS   SFR16          

        CLASS   SFR17          

        CLASS   SFR18          

        CLASS   SFR19          

        CLASS   SFR20          

        CLASS   SFR21          

        CLASS   SFR22          

        CLASS   SFR23          

        CLASS   SFR24          

        CLASS   SFR25          

        CLASS   SFR26          

        CLASS   SFR27          

        CLASS   SFR28          

        CLASS   SFR29          

        CLASS   SFR30          

        CLASS   SFR31          

        CLASS   CONFIG         
                config                             8007     8007        2         0

        CLASS   IDLOC          

        CLASS   EEDATA         

        CLASS   BANK31         

        CLASS   BANK30         

        CLASS   BANK29         

        CLASS   BANK28         

        CLASS   BANK27         

        CLASS   BANK26         

        CLASS   BANK25         

        CLASS   BANK24         

        CLASS   BANK23         

        CLASS   BANK22         

        CLASS   BANK21         

        CLASS   BANK20         

        CLASS   BANK19         

        CLASS   BANK18         

        CLASS   BANK17         

        CLASS   BANK16         

        CLASS   BANK15         

        CLASS   BANK14         

        CLASS   BANK13         



SEGMENTS        Name                           Load    Length   Top    Selector   Space  Class     Delta

                reset_vec                      000000  000004  000004         0       0  CODE        2
                intentry                       000004  0000EF  0000F3         8       0  CODE        2
                cstackBANK0                    000021  00004F  000070        21       1  BANK0       1
                bitbssCOMMON                   000070  00000E  00007E        70       1  COMMON      1
                cstackBANK1                    0000A0  00004F  0000EF        A0       1  BANK1       1
                bssBANK2                       000120  000050  000170       120       1  BANK2       1
                dataBANK3                      0001A0  000042  0001E2       1A0       1  BANK3       1
                swtext1                        0000F3  00000C  0000FF       1E6       0  CONST       2
                text3315                       0000FF  000001  000100       1FE       0  CODE        2
                functab                        000100  000100  000200         2       0  CODE        2
                dataBANK4                      000220  000037  000257       220       1  BANK4       1
                stringtext                     000200  00074B  00094B         4       0  STRCODE     2
                text3245                       00094C  000040  00098C      1298       0  CODE        2
                text3240                       00098C  0001B1  000B3D      1318       0  CODE        2
                text3235                       000B3D  000516  001053      167A       0  CODE        2
                text3221                       001053  000203  001256      20A6       0  CODE        2
                text3244                       001256  00024A  0014A0      24AC       0  CODE        2
                text3268                       0014A0  00036C  00180C      2940       0  CODE        2
                text3229                       00180C  000081  00188D      3018       0  CODE        2
                text3230                       00188D  0000B5  001942      311A       0  CODE        2
                text3236                       001942  0000BD  0019FF      3284       0  CODE        2
                text3269                       0019FF  0000C7  001AC6      33FE       0  CODE        2
                text3239                       001AC6  00012A  001BF0      358C       0  CODE        2
                text3290                       001BF0  00013E  001D2E      37E0       0  CODE        2
                text3227                       001D2E  00015E  001E8C      3A5C       0  CODE        2
                text3225                       001E8C  000199  002025      3D18       0  CODE        2
                text3248                       002025  00005F  002084      404A       0  CODE        2
                text3258                       002084  000060  0020E4      4108       0  CODE        2
                text3271                       0020E4  000063  002147      41C8       0  CODE        2
                text3264                       002147  000065  0021AC      428E       0  CODE        2
                text3243                       0021AC  000069  002215      4358       0  CODE        2
                text3231                       002215  000069  00227E      442A       0  CODE        2
                text3280                       00227E  00006C  0022EA      44FC       0  CODE        2
                text3242                       0022EA  000071  00235B      45D4       0  CODE        2
                text3267                       00235B  000074  0023CF      46B6       0  CODE        2
                text3262                       0023CF  000077  002446      479E       0  CODE        2
                text3233                       002446  000077  0024BD      488C       0  CODE        2
                text3247                       0024BD  00007A  002537      497A       0  CODE        2
                text3256                       002537  00007C  0025B3      4A6E       0  CODE        2
                text3237                       0025B3  00007D  002630      4B66       0  CODE        2
                text3228                       002630  00008E  0026BE      4C60       0  CODE        2
                text3255                       0026BE  000090  00274E      4D7C       0  CODE        2
                maintext                       00274E  0000B2  002800      4E9C       0  CODE        2
                swtext2                        002800  000032  002832      5000       0  CONST       2
                text3289                       002832  000005  002837      5064       0  CODE        2
                text3313                       002837  00000B  002842      506E       0  CODE        2
                text3288                       002842  00000B  00284D      5084       0  CODE        2
                text3317                       00284D  00000C  002859      509A       0  CODE        2
                text3259                       002859  00000E  002867      50B2       0  CODE        2
                text3224                       002867  00000E  002875      50CE       0  CODE        2
                text3222                       002875  00000E  002883      50EA       0  CODE        2
                text3312                       002883  00000F  002892      5106       0  CODE        2
                text3253                       002892  00000F  0028A1      5124       0  CODE        2
                text3252                       0028A1  00000F  0028B0      5142       0  CODE        2
                text3251                       0028B0  00000F  0028BF      5160       0  CODE        2
                text3250                       0028BF  00000F  0028CE      517E       0  CODE        2
                text3249                       0028CE  00000F  0028DD      519C       0  CODE        2
                text3263                       0028DD  000010  0028ED      51BA       0  CODE        2
                text3302                       0028ED  000011  0028FE      51DA       0  CODE        2
                text3294                       0028FE  000011  00290F      51FC       0  CODE        2
                text3292                       00290F  000011  002920      521E       0  CODE        2
                text3223                       002920  000011  002931      5240       0  CODE        2
                idataBANK1                     002931  000012  002943      5262       0  CODE        2
                text3266                       002943  000013  002956      5286       0  CODE        2
                text3265                       002956  000013  002969      52AC       0  CODE        2
                text3254                       002969  000015  00297E      52D2       0  CODE        2
                text3296                       00297E  000016  002994      52FC       0  CODE        2
                text3277                       002994  000016  0029AA      5328       0  CODE        2
                idataBANK2                     0029AA  000018  0029C2      5354       0  CODE        2
                text3287                       0029C2  00001A  0029DC      5384       0  CODE        2
                text3276                       0029DC  00001A  0029F6      53B8       0  CODE        2
                text3232                       0029F6  00001A  002A10      53EC       0  CODE        2
                text3318                       002A10  00001C  002A2C      5420       0  CODE        2
                text3303                       002A2C  00001C  002A48      5458       0  CODE        2
                text3285                       002A48  00001C  002A64      5490       0  CODE        2
                text3260                       002A64  00001D  002A81      54C8       0  CODE        2
                text3300                       002A81  00001E  002A9F      5502       0  CODE        2
                text3298                       002A9F  00001E  002ABD      553E       0  CODE        2
                text3226                       002ABD  00001F  002ADC      557A       0  CODE        2
                text3308                       002ADC  000023  002AFF      55B8       0  CODE        2
                text3299                       002AFF  000024  002B23      55FE       0  CODE        2
                text3297                       002B23  000024  002B47      5646       0  CODE        2
                text3319                       002B47  000027  002B6E      568E       0  CODE        2
                text3311                       002B6E  000028  002B96      56DC       0  CODE        2
                idataBANK3                     002B96  00002A  002BC0      572C       0  CODE        2
                text3281                       002BC0  00002D  002BED      5780       0  CODE        2
                text3257                       002BED  00002D  002C1A      57DA       0  CODE        2
                text3286                       002C1A  00002E  002C48      5834       0  CODE        2
                text3238                       002C48  00002E  002C76      5890       0  CODE        2
                text3279                       002C76  00002F  002CA5      58EC       0  CODE        2
                text3309                       002CA5  000037  002CDC      594A       0  CODE        2
                idataBANK4                     002CDC  000037  002D13      59B8       0  CODE        2
                text3272                       002D13  000038  002D4B      5A26       0  CODE        2
                text3246                       002D4B  000038  002D83      5A96       0  CODE        2
                text3273                       002D83  00003F  002DC2      5B06       0  CODE        2
                text3274                       002DC2  000047  002E09      5B84       0  CODE        2
                text3291                       002E09  000048  002E51      5C12       0  CODE        2
                text3283                       002E51  00004E  002E9F      5CA2       0  CODE        2
                text3261                       002E9F  00004E  002EED      5D3E       0  CODE        2
                text3241                       002EED  00005A  002F47      5DDA       0  CODE        2
                text3282                       002F47  00005B  002FA2      5E8E       0  CODE        2
                cinit                          002FA2  00005E  003000      5F44       0  CODE        2
                text3304                       0037C9  000005  0037CE      6F92       0  CODE        2
                text3295                       0037CE  000005  0037D3      6F9C       0  CODE        2
                text3293                       0037D3  000005  0037D8      6FA6       0  CODE        2
                text3307                       0037D8  000006  0037DE      6FB0       0  CODE        2
                text3306                       0037DE  000006  0037E4      6FBC       0  CODE        2
                inittext                       0037E4  000006  0037EA      6FC8       0  CODE        2
                clrtext                        0037EA  000006  0037F0      6FD4       0  CODE        2
                text3301                       0037F0  000007  0037F7      6FE0       0  CODE        2
                text3310                       0037F7  000009  003800      6FEE       0  CODE        2
                config                         008007  000002  008009     1000E       0  CONFIG      2


UNUSED ADDRESS RANGES

        Name                Unused          Largest block    Delta
        BANK1            000EF-000EF               1           1
        BANK10           00520-0056F              50           1
        BANK11           005A0-005EF              50           1
        BANK12           00620-0064F              30           1
        BANK3            001E2-001EF               E           1
        BANK4            00257-0026F              19           1
        BANK5            002A0-002EF              50           1
        BANK6            00320-0036F              50           1
        BANK7            003A0-003EF              50           1
        BANK8            00420-0046F              50           1
        BANK9            004A0-004EF              50           1
        BIGRAM           02000-023EF             3F0           1
        CODE             0094B-0094B               1           2
                         03000-037C8             7C9
                         03800-03FFF             800
        CONST            0094B-0094B               1           2
                         03000-037C8             100
                         03800-03FFF             100
        EEDATA           0F000-0F0FF             100           2
        ENTRY            0094B-0094B               1           2
                         03000-037C8             100
                         03800-03FFF             100
        IDLOC            08000-08003               4           2
        RAM              000EF-000EF               1           1
                         001E2-001EF               E
                         00257-0026F              19
                         002A0-002EF              50
                         00320-0036F              50
                         003A0-003EF              50
                         00420-0046F              50
                         004A0-004EF              50
                         00520-0056F              50
                         005A0-005EF              50
                         00620-0064F              30
        SFR0             00000-0001F              20           1
        SFR1             00080-0009F              20           1
        SFR10            00500-0051F              20           1
        SFR11            00580-0059F              20           1
        SFR12            00600-0061F              20           1
        SFR13            00680-006EF              70           1
        SFR14            00700-0076F              70           1
        SFR15            00780-007EF              70           1
        SFR16            00800-0086F              70           1
        SFR17            00880-008EF              70           1
        SFR18            00900-0096F              70           1
        SFR19            00980-009EF              70           1
        SFR2             00100-0011F              20           1
        SFR20            00A00-00A6F              70           1
        SFR21            00A80-00AEF              70           1
        SFR22            00B00-00B6F              70           1
        SFR23            00B80-00BEF              70           1
        SFR24            00C00-00C6F              70           1
        SFR25            00C80-00CEF              70           1
        SFR26            00D00-00D6F              70           1
        SFR27            00D80-00DEF              70           1
        SFR28            00E00-00E6F              70           1
        SFR29            00E80-00EEF              70           1
        SFR3             00180-0019F              20           1
        SFR30            00F00-00F6F              70           1
        SFR31            00F80-00FEF              70           1
        SFR4             00200-0021F              20           1
        SFR5             00280-0029F              20           1
        SFR6             00300-0031F              20           1
        SFR7             00380-0039F              20           1
        SFR8             00400-0041F              20           1
        SFR9             00480-0049F              20           1
        STRCODE          0094B-0094B               1           2
                         03000-037C8             7C9
                         03800-03FFF             800
        STRING           0094B-0094B               1           2
                         03000-037C8             100
                         03800-03FFF             100

                                  Symbol Table

??___bmul                         cstackBANK0  00022
??___lldiv                        cstackBANK0  00029
??___lmul                         cstackBANK0  00029
??___lwdiv                        cstackBANK0  00025
??___lwmod                        cstackBANK0  0002D
??___wmul                         cstackBANK0  00025
??_both_long                      cstackBANK0  00025
??_both_short                     cstackBANK0  0003D
??_catgenie_init                  cstackBANK0  00025
??_catgenie_work                  cstackBANK0  00042
??_catsensor_event                cstackBANK0  0004F
??_catsensor_init                 cstackBANK0  00021
??_catsensor_isr_input            cstackCOMMON 00072
??_catsensor_isr_timer            cstackCOMMON 00072
??_catsensor_work                 cstackBANK0  00052
??_cmd2index                      cstackBANK0  0002E
??_cmdline_init                   cstackBANK0  00047
??_cmdline_work                   cstackBANK0  0005F
??_echo                           cstackBANK0  0004A
??_eeprom_read                    cstackBANK0  00021
??_eeprom_write                   cstackBANK0  00022
??_exe_instruction                cstackBANK0  00050
??_get_Arm                        cstackBANK0  00021
??_get_Bowl                       cstackBANK0  00021
??_get_Dosage                     cstackBANK0  00021
??_get_Dryer                      cstackBANK0  00021
??_get_Pump                       cstackBANK0  00021
??_get_instruction                cstackBANK0  00025
??_gettimestamp                   cstackBANK0  00023
??_heatsensor_event               cstackBANK0  00041
??_help                           cstackBANK0  0004A
??_interrupt_init                 cstackBANK0  00021
??_isdigit                        cstackBANK0  00021
??_isr                            cstackCOMMON 0007B
??_litterlanguage_cleanup         cstackBANK0  0004F
??_litterlanguage_event           cstackBANK0  00022
??_litterlanguage_init            cstackBANK0  00052
??_litterlanguage_pause           cstackBANK0  0004F
??_litterlanguage_paused          cstackBANK0  00021
??_litterlanguage_running         cstackBANK0  00021
??_litterlanguage_start           cstackBANK0  0004F
??_litterlanguage_stop            cstackBANK0  0004F
??_litterlanguage_work            cstackBANK0  00051
??_main                           cstackBANK0  00060
??_memcpy                         cstackBANK0  00024
??_postponetimeout                cstackBANK0  00027
??_printf                         cstackBANK0  00039
??_printtime                      cstackBANK0  00047
??_proc_char                      cstackBANK0  0005D
??_proc_line                      cstackBANK0  0004F
??_process_button                 cstackBANK0  0003E
??_putch                          cstackBANK0  00021
??_readch                         cstackBANK0  00021
??_req_instruction                cstackBANK0  00025
??_romwashprogram_getins          cstackBANK0  00021
??_romwashprogram_reqins          cstackBANK0  00023
??_rtc_init                       cstackBANK0  0003D
??_rtc_work                       cstackBANK0  00037
??_serial_init                    cstackBANK0  00033
??_serial_rx_isr                  cstackCOMMON 00072
??_serial_tx_isr                  cstackCOMMON 00072
??_set_Arm                        cstackBANK0  00021
??_set_Beeper                     cstackBANK0  0002F
??_set_Bowl                       cstackBANK0  00021
??_set_Dosage                     cstackBANK0  00021
??_set_Dryer                      cstackBANK0  00021
??_set_LED                        cstackBANK0  00022
??_set_LED_Cartridge              cstackBANK0  0002F
??_set_LED_Cat                    cstackBANK0  0002F
??_set_LED_Error                  cstackBANK0  0002F
??_set_LED_Locked                 cstackBANK0  0002F
??_set_Pump                       cstackBANK0  00021
??_set_mode                       cstackBANK0  00047
??_set_pacer                      cstackBANK0  0002B
??_settimeout                     cstackBANK0  00033
??_setup_long                     cstackBANK0  00021
??_setup_short                    cstackBANK0  0004A
??_setupbutton_event              cstackBANK0  00041
??_start_long                     cstackBANK0  00052
??_start_short                    cstackBANK0  00057
??_startbutton_event              cstackBANK0  00041
??_strlen                         cstackBANK0  00023
??_strncmp                        cstackBANK0  00029
??_timeoutexpired                 cstackBANK0  0002B
??_timeoutnever                   cstackBANK0  00027
??_timeoutnow                     cstackBANK0  00027
??_timer_init                     cstackBANK0  00021
??_timer_isr                      cstackCOMMON 00072
??_timestampdiff                  cstackBANK0  00025
??_update_autotimer               cstackBANK0  0003D
??_update_display                 cstackBANK0  00032
??_userinterface_init             cstackBANK0  0004A
??_userinterface_work             cstackBANK0  00058
??_wait_instruction               cstackBANK0  00037
??_water_detected                 cstackBANK0  00021
??_water_fill                     cstackBANK0  00021
??_water_filling                  cstackBANK0  00021
??_water_init                     cstackBANK0  00021
??_water_work                     cstackBANK0  00053
??_watersensor_event              cstackBANK0  0004F
?___bmul                          cstackBANK0  00021
?___lldiv                         cstackBANK0  00021
?___lmul                          cstackBANK0  00021
?___lwdiv                         cstackBANK0  00021
?___lwmod                         cstackBANK0  00029
?___wmul                          cstackBANK0  00021
?_both_long                       cstackCOMMON 00072
?_both_short                      cstackCOMMON 00072
?_catgenie_init                   cstackCOMMON 00072
?_catgenie_work                   cstackCOMMON 00072
?_catsensor_event                 cstackCOMMON 00072
?_catsensor_init                  cstackCOMMON 00072
?_catsensor_isr_input             cstackCOMMON 00072
?_catsensor_isr_timer             cstackCOMMON 00072
?_catsensor_work                  cstackCOMMON 00072
?_cmd2index                       cstackBANK0  0002C
?_cmdline_init                    cstackCOMMON 00072
?_cmdline_work                    cstackCOMMON 00072
?_echo                            cstackBANK0  00047
?_eeprom_read                     cstackCOMMON 00072
?_eeprom_write                    cstackBANK0  00021
?_exe_instruction                 cstackCOMMON 00072
?_get_Arm                         cstackCOMMON 00072
?_get_Bowl                        cstackCOMMON 00072
?_get_Dosage                      cstackCOMMON 00072
?_get_Dryer                       cstackCOMMON 00072
?_get_Pump                        cstackCOMMON 00072
?_get_instruction                 cstackCOMMON 00072
?_gettimestamp                    cstackBANK0  00021
?_interrupt_init                  cstackCOMMON 00072
?_isdigit                         cstackCOMMON 00072
?_isr                             cstackCOMMON 00072
?_litterlanguage_cleanup          cstackCOMMON 00072
?_litterlanguage_event            cstackBANK0  00021
?_litterlanguage_init             cstackCOMMON 00072
?_litterlanguage_pause            cstackCOMMON 00072
?_litterlanguage_paused           cstackCOMMON 00072
?_litterlanguage_running          cstackCOMMON 00072
?_litterlanguage_start            cstackCOMMON 00072
?_litterlanguage_stop             cstackCOMMON 00072
?_litterlanguage_work             cstackCOMMON 00072
?_main                            cstackCOMMON 00072
?_memcpy                          cstackBANK0  00021
?_postponetimeout                 cstackBANK0  00021
?_printf                          cstackBANK0  0002F
?_printtime                       cstackCOMMON 00072
?_proc_char                       cstackCOMMON 00072
?_proc_line                       cstackCOMMON 00072
?_process_button                  cstackBANK0  0003D
?_putch                           cstackCOMMON 00072
?_readch                          cstackCOMMON 00072
?_req_instruction                 cstackBANK0  00023
?_romwashprogram_getins           cstackCOMMON 00072
?_romwashprogram_reqins           cstackBANK0  00021
?_rtc_init                        cstackCOMMON 00072
?_rtc_work                        cstackCOMMON 00072
?_serial_init                     cstackBANK0  0002F
?_serial_rx_isr                   cstackCOMMON 00072
?_serial_tx_isr                   cstackCOMMON 00072
?_set_Arm                         cstackCOMMON 00072
?_set_Beeper                      cstackBANK0  0002E
?_set_Bowl                        cstackCOMMON 00072
?_set_Dosage                      cstackCOMMON 00072
?_set_Dryer                       cstackCOMMON 00072
?_set_LED                         cstackBANK0  00021
?_set_LED_Cartridge               cstackBANK0  0002E
?_set_LED_Cat                     cstackBANK0  0002E
?_set_LED_Error                   cstackBANK0  0002E
?_set_LED_Locked                  cstackBANK0  0002E
?_set_Pump                        cstackCOMMON 00072
?_set_mode                        cstackCOMMON 00072
?_set_pacer                       cstackBANK0  00029
?_settimeout                      cstackBANK0  0002D
?_setup_long                      cstackCOMMON 00072
?_setup_short                     cstackCOMMON 00072
?_setupbutton_event               cstackBANK0  00040
?_start_long                      cstackCOMMON 00072
?_start_short                     cstackCOMMON 00072
?_strlen                          cstackBANK0  00021
?_strncmp                         cstackBANK0  00025
?_timeoutexpired                  cstackBANK0  00029
?_timeoutnever                    cstackBANK0  00025
?_timeoutnow                      cstackBANK0  00025
?_timer_init                      cstackCOMMON 00072
?_timer_isr                       cstackCOMMON 00072
?_timestampdiff                   cstackBANK0  00021
?_update_autotimer                cstackCOMMON 00072
?_update_display                  cstackCOMMON 00072
?_userinterface_init              cstackCOMMON 00072
?_userinterface_work              cstackCOMMON 00072
?_wait_instruction                cstackCOMMON 00072
?_water_detected                  cstackCOMMON 00072
?_water_fill                      cstackCOMMON 00072
?_water_filling                   cstackCOMMON 00072
?_water_init                      cstackCOMMON 00072
?_water_work                      cstackCOMMON 00072
?_watersensor_event               cstackCOMMON 00072
_ADCON0bits                       (abs)        0009D
_ADCON1bits                       (abs)        0009E
_ADRES                            (abs)        0009B
_ANSELA                           (abs)        0018C
_ANSELB                           (abs)        0018D
_ANSELD                           (abs)        0018F
_ANSELE                           (abs)        00190
_BRG16                            (abs)        00CFB
_BRGH                             (abs)        00CF2
_CARRY                            (abs)        00018
_CCP1CON                          (abs)        00293
_CCPR1L                           (abs)        00291
_CREN                             (abs)        00CEC
_CSRC                             (abs)        00CF7
_EEADR                            (abs)        00191
_EECON1                           (abs)        00195
_EECON2                           (abs)        00196
_EEDATA                           (abs)        00193
_FERR                             (abs)        00CEA
_GIE                              (abs)        0005F
_IOCBF                            (abs)        00396
_IOCBN                            (abs)        00395
_IOCBP                            (abs)        00394
_IOCIE                            (abs)        0005B
_IOCIF                            (abs)        00058
_LATA                             (abs)        0010C
_LATB                             (abs)        0010D
_LATC                             (abs)        0010E
_LATD                             (abs)        0010F
_LATE                             (abs)        00110
_OERR                             (abs)        00CE9
_PEIE                             (abs)        0005E
_PORTA                            (abs)        0000C
_PORTB                            (abs)        0000D
_PORTB_old                        bssBANK1     000D4
_PORTC                            (abs)        0000E
_PORTD                            (abs)        0000F
_PORTE                            (abs)        00010
_PR2                              (abs)        0001B
_RCIE                             (abs)        0048D
_RCIF                             (abs)        0008D
_RCREG                            (abs)        00199
_RD                               (abs)        00CA8
_RX9                              (abs)        00CEE
_SPBRG                            (abs)        0019B
_SPBRGH                           (abs)        0019C
_SPEN                             (abs)        00CEF
_SYNC                             (abs)        00CF4
_T1CKPS0                          (abs)        000C4
_T1CKPS1                          (abs)        000C5
_T1OSCEN                          (abs)        000C3
_T2CON                            (abs)        0001C
_TMR1CS0                          (abs)        000C6
_TMR1CS1                          (abs)        000C7
_TMR1H                            (abs)        00017
_TMR1IE                           (abs)        00488
_TMR1IF                           (abs)        00088
_TMR1L                            (abs)        00016
_TMR1ON                           (abs)        000C0
_TMR2IE                           (abs)        00489
_TMR2IF                           (abs)        00089
_TMR2ON                           (abs)        000E2
_TRISA                            (abs)        0008C
_TRISB                            (abs)        0008D
_TRISC                            (abs)        0008E
_TRISD                            (abs)        0008F
_TRISE                            (abs)        00090
_TX9                              (abs)        00CF6
_TXEN                             (abs)        00CF5
_TXIE                             (abs)        0048C
_TXIF                             (abs)        0008C
_TXREG                            (abs)        0019A
_WPUB                             (abs)        0020D
_WPUE                             (abs)        00210
_WR                               (abs)        00CA9
_WREN                             (abs)        00CAA
__Habs1                           abs1         00000
__Hbank0                          bank0        00000
__Hbank1                          bank1        00000
__Hbank10                         bank10       00000
__Hbank11                         bank11       00000
__Hbank12                         bank12       00000
__Hbank13                         bank13       00000
__Hbank14                         bank14       00000
__Hbank15                         bank15       00000
__Hbank16                         bank16       00000
__Hbank17                         bank17       00000
__Hbank18                         bank18       00000
__Hbank19                         bank19       00000
__Hbank2                          bank2        00000
__Hbank20                         bank20       00000
__Hbank21                         bank21       00000
__Hbank22                         bank22       00000
__Hbank23                         bank23       00000
__Hbank24                         bank24       00000
__Hbank25                         bank25       00000
__Hbank26                         bank26       00000
__Hbank27                         bank27       00000
__Hbank28                         bank28       00000
__Hbank29                         bank29       00000
__Hbank3                          bank3        00000
__Hbank30                         bank30       00000
__Hbank31                         bank31       00000
__Hbank4                          bank4        00000
__Hbank5                          bank5        00000
__Hbank6                          bank6        00000
__Hbank7                          bank7        00000
__Hbank8                          bank8        00000
__Hbank9                          bank9        00000
__Hbigram                         bigram       00000
__HbitbssBANK0                    bitbssBANK0  00000
__HbitbssCOMMON                   bitbssCOMMON 00000
__HbssBANK0                       bssBANK0     00000
__HbssBANK1                       bssBANK1     00000
__HbssBANK2                       bssBANK2     00000
__HbssBANK3                       bssBANK3     00000
__Hcinit                          cinit        00000
__Hclrtext                        clrtext      00000
__Hcode                           code         00000
__Hcommon                         common       00000
__Hconfig                         config       08009
__HcstackBANK0                    cstackBANK0  00000
__HcstackBANK1                    cstackBANK1  00000
__HcstackCOMMON                   cstackCOMMON 00000
__HdataBANK0                      dataBANK0    00000
__HdataBANK1                      dataBANK1    00000
__HdataBANK2                      dataBANK2    00000
__HdataBANK3                      dataBANK3    00000
__HdataBANK4                      dataBANK4    00000
__Heeprom_data                    eeprom_data  00000
__Hend_init                       end_init     00053
__Hfunctab                        functab      0010D
__HidataBANK0                     idataBANK0   00000
__HidataBANK1                     idataBANK1   00000
__HidataBANK2                     idataBANK2   00000
__HidataBANK3                     idataBANK3   00000
__HidataBANK4                     idataBANK4   00000
__Hidloc                          idloc        00000
__Hinit                           init         00050
__Hinittext                       inittext     00000
__Hintentry                       intentry     0004E
__Hmaintext                       maintext     00000
__Hpowerup                        powerup      00000
__Hram                            ram          00000
__Hreset_vec                      reset_vec    00002
__Hsfr0                           sfr0         00000
__Hsfr1                           sfr1         00000
__Hsfr10                          sfr10        00000
__Hsfr11                          sfr11        00000
__Hsfr12                          sfr12        00000
__Hsfr13                          sfr13        00000
__Hsfr14                          sfr14        00000
__Hsfr15                          sfr15        00000
__Hsfr16                          sfr16        00000
__Hsfr17                          sfr17        00000
__Hsfr18                          sfr18        00000
__Hsfr19                          sfr19        00000
__Hsfr2                           sfr2         00000
__Hsfr20                          sfr20        00000
__Hsfr21                          sfr21        00000
__Hsfr22                          sfr22        00000
__Hsfr23                          sfr23        00000
__Hsfr24                          sfr24        00000
__Hsfr25                          sfr25        00000
__Hsfr26                          sfr26        00000
__Hsfr27                          sfr27        00000
__Hsfr28                          sfr28        00000
__Hsfr29                          sfr29        00000
__Hsfr3                           sfr3         00000
__Hsfr30                          sfr30        00000
__Hsfr31                          sfr31        00000
__Hsfr4                           sfr4         00000
__Hsfr5                           sfr5         00000
__Hsfr6                           sfr6         00000
__Hsfr7                           sfr7         00000
__Hsfr8                           sfr8         00000
__Hsfr9                           sfr9         00000
__Hstrings                        strings      00000
__Hstringtext                     stringtext   00000
__Htext                           text         00000
__Labs1                           abs1         00000
__Lbank0                          bank0        00000
__Lbank1                          bank1        00000
__Lbank10                         bank10       00000
__Lbank11                         bank11       00000
__Lbank12                         bank12       00000
__Lbank13                         bank13       00000
__Lbank14                         bank14       00000
__Lbank15                         bank15       00000
__Lbank16                         bank16       00000
__Lbank17                         bank17       00000
__Lbank18                         bank18       00000
__Lbank19                         bank19       00000
__Lbank2                          bank2        00000
__Lbank20                         bank20       00000
__Lbank21                         bank21       00000
__Lbank22                         bank22       00000
__Lbank23                         bank23       00000
__Lbank24                         bank24       00000
__Lbank25                         bank25       00000
__Lbank26                         bank26       00000
__Lbank27                         bank27       00000
__Lbank28                         bank28       00000
__Lbank29                         bank29       00000
__Lbank3                          bank3        00000
__Lbank30                         bank30       00000
__Lbank31                         bank31       00000
__Lbank4                          bank4        00000
__Lbank5                          bank5        00000
__Lbank6                          bank6        00000
__Lbank7                          bank7        00000
__Lbank8                          bank8        00000
__Lbank9                          bank9        00000
__Lbigram                         bigram       00000
__LbitbssBANK0                    bitbssBANK0  00000
__LbitbssCOMMON                   bitbssCOMMON 00000
__LbssBANK0                       bssBANK0     00000
__LbssBANK1                       bssBANK1     00000
__LbssBANK2                       bssBANK2     00000
__LbssBANK3                       bssBANK3     00000
__Lcinit                          cinit        00000
__Lclrtext                        clrtext      00000
__Lcode                           code         00000
__Lcommon                         common       00000
__Lconfig                         config       08007
__LcstackBANK0                    cstackBANK0  00000
__LcstackBANK1                    cstackBANK1  00000
__LcstackCOMMON                   cstackCOMMON 00000
__LdataBANK0                      dataBANK0    00000
__LdataBANK1                      dataBANK1    00000
__LdataBANK2                      dataBANK2    00000
__LdataBANK3                      dataBANK3    00000
__LdataBANK4                      dataBANK4    00000
__Leeprom_data                    eeprom_data  00000
__Lend_init                       end_init     00050
__Lfunctab                        functab      00100
__LidataBANK0                     idataBANK0   00000
__LidataBANK1                     idataBANK1   00000
__LidataBANK2                     idataBANK2   00000
__LidataBANK3                     idataBANK3   00000
__LidataBANK4                     idataBANK4   00000
__Lidloc                          idloc        00000
__Linit                           init         0004E
__Linittext                       inittext     00000
__Lintentry                       intentry     00004
__Lmaintext                       maintext     00000
__Lpowerup                        powerup      00000
__Lram                            ram          00000
__Lreset_vec                      reset_vec    00000
__Lsfr0                           sfr0         00000
__Lsfr1                           sfr1         00000
__Lsfr10                          sfr10        00000
__Lsfr11                          sfr11        00000
__Lsfr12                          sfr12        00000
__Lsfr13                          sfr13        00000
__Lsfr14                          sfr14        00000
__Lsfr15                          sfr15        00000
__Lsfr16                          sfr16        00000
__Lsfr17                          sfr17        00000
__Lsfr18                          sfr18        00000
__Lsfr19                          sfr19        00000
__Lsfr2                           sfr2         00000
__Lsfr20                          sfr20        00000
__Lsfr21                          sfr21        00000
__Lsfr22                          sfr22        00000
__Lsfr23                          sfr23        00000
__Lsfr24                          sfr24        00000
__Lsfr25                          sfr25        00000
__Lsfr26                          sfr26        00000
__Lsfr27                          sfr27        00000
__Lsfr28                          sfr28        00000
__Lsfr29                          sfr29        00000
__Lsfr3                           sfr3         00000
__Lsfr30                          sfr30        00000
__Lsfr31                          sfr31        00000
__Lsfr4                           sfr4         00000
__Lsfr5                           sfr5         00000
__Lsfr6                           sfr6         00000
__Lsfr7                           sfr7         00000
__Lsfr8                           sfr8         00000
__Lsfr9                           sfr9         00000
__Lstrings                        strings      00000
__Lstringtext                     stringtext   00000
__Ltext                           text         00000
__S0                              (abs)        08009
__S1                              (abs)        00257
__S2                              (abs)        00000
___bmul                           text3276     029DC
___bmul@multiplicand              cstackBANK0  00021
___bmul@multiplier                cstackBANK0  00024
___bmul@product                   cstackBANK0  00023
___lldiv                          text3271     020E4
___lldiv@counter                  cstackBANK0  0002E
___lldiv@dividend                 cstackBANK0  00025
___lldiv@divisor                  cstackBANK0  00021
___lldiv@quotient                 cstackBANK0  0002A
___lmul                           text3272     02D13
___lmul@multiplicand              cstackBANK0  00025
___lmul@multiplier                cstackBANK0  00021
___lmul@product                   cstackBANK0  00029
___lwdiv                          text3274     02DC2
___lwdiv@counter                  cstackBANK0  00026
___lwdiv@dividend                 cstackBANK0  00023
___lwdiv@divisor                  cstackBANK0  00021
___lwdiv@quotient                 cstackBANK0  00027
___lwmod                          text3273     02D83
___lwmod@counter                  cstackBANK0  0002E
___lwmod@dividend                 cstackBANK0  0002B
___lwmod@divisor                  cstackBANK0  00029
___powerdown                      (abs)        00103
___resetbits                      (abs)        00020
___timeout                        (abs)        00104
___wmul                           text3275     02000
___wmul@multiplicand              cstackBANK0  00023
___wmul@multiplier                cstackBANK0  00021
___wmul@product                   cstackBANK0  00025
__end_of___bmul                   text3276     029F6
__end_of___lldiv                  text3271     02147
__end_of___lmul                   text3272     02D4B
__end_of___lwdiv                  text3274     02E09
__end_of___lwmod                  text3273     02DC2
__end_of___wmul                   text3275     02025
__end_of_both_long                text3263     028ED
__end_of_both_short               text3254     0297E
__end_of_catgenie_init            text3270     000F3
__end_of_catgenie_work            text3221     01256
__end_of_catsensor_event          text3230     01942
__end_of_catsensor_init           text3312     02892
__end_of_catsensor_isr_input      text3317     02859
__end_of_catsensor_isr_timer      text3318     02A2C
__end_of_catsensor_work           text3228     026BE
__end_of_cmd2index                text3261     02EED
__end_of_cmdline_init             text3259     02867
__end_of_cmdline_work             text3226     02ADC
__end_of_echo                     text3247     02537
__end_of_eeprom_read              text3308     02AFF
__end_of_eeprom_write             text3309     02CDC
__end_of_exe_instruction          text3235     01000
__end_of_get_Arm                  text3298     02ABD
__end_of_get_Bowl                 text3300     02A9F
__end_of_get_Dosage               text3295     037D3
__end_of_get_Dryer                text3293     037D8
__end_of_get_Pump                 text3304     037CE
__end_of_get_instruction          text3265     02969
__end_of_gettimestamp             text3291     02E51
__end_of_heatsensor_event         text3223     02931
__end_of_help                     text3248     02084
__end_of_interrupt_init           text3310     03800
__end_of_isdigit                  text3277     029AA
__end_of_isr                      intentry     0004E
__end_of_litterlanguage_cleanup   text3246     02D83
__end_of_litterlanguage_event     text3305     0180C
__end_of_litterlanguage_init      text3237     02630
__end_of_litterlanguage_pause     text3244     014A0
__end_of_litterlanguage_paused    text3289     02837
__end_of_litterlanguage_running   text3301     037F7
__end_of_litterlanguage_start     text3245     0098C
__end_of_litterlanguage_stop      text3243     02215
__end_of_litterlanguage_work      text3225     02000
__end_of_main                     maintext     02800
__end_of_memcpy                   text3286     02C48
__end_of_postponetimeout          text3282     02FA2
__end_of_printf                   text3268     01800
__end_of_printtime                text3257     02C1A
__end_of_proc_char                text3229     0188D
__end_of_proc_line                text3239     01BF0
__end_of_process_button           text3231     0227E
__end_of_putch                    text3281     02BED
__end_of_readch                   text3280     022EA
__end_of_req_instruction          text3266     02956
__end_of_romwashprogram_getins    text3287     029DC
__end_of_romwashprogram_reqins    text3288     0284D
__end_of_rtc_init                 text3260     02A81
__end_of_rtc_work                 text3258     020E4
__end_of_serial_init              text3269     01AC6
__end_of_serial_rx_isr            text3316     001DE
__end_of_serial_tx_isr            text3315     00100
__end_of_set_Arm                  text3297     02B47
__end_of_set_Beeper               text3253     028A1
__end_of_set_Bowl                 text3299     02B23
__end_of_set_Dosage               text3302     028FE
__end_of_set_Dryer                text3292     02920
__end_of_set_LED                  text3283     02E9F
__end_of_set_LED_Cartridge        text3251     028BF
__end_of_set_LED_Cat              text3250     028CE
__end_of_set_LED_Error            text3252     028B0
__end_of_set_LED_Locked           text3249     028DD
__end_of_set_Pump                 text3294     0290F
__end_of_set_mode                 text3241     02F47
__end_of_set_pacer                text3262     02446
__end_of_settimeout               text3264     021AC
__end_of_setup_long               text3284     00200
__end_of_setup_short              text3233     024BD
__end_of_setupbutton_event        text3224     02875
__end_of_start_long               text3232     02A10
__end_of_start_short              text3234     001FF
__end_of_startbutton_event        text3222     02883
__end_of_strlen                   text3279     02CA5
__end_of_strncmp                  text3278     01053
__end_of_timeoutexpired           text3267     023CF
__end_of_timeoutnever             text3303     02A48
__end_of_timeoutnow               text3285     02A64
__end_of_timer_init               text3313     02842
__end_of_timer_isr                text3319     02B6E
__end_of_timestampdiff            text3290     01D2E
__end_of_update_autotimer         text3255     0274E
__end_of_update_display           text3240     00B3D
__end_of_userinterface_init       text3238     02C76
__end_of_userinterface_work       text3227     01E8C
__end_of_wait_instruction         text3256     025B3
__end_of_water_detected           text3307     037DE
__end_of_water_fill               text3296     02994
__end_of_water_filling            text3306     037E4
__end_of_water_init               text3311     02B96
__end_of_water_work               text3236     019FF
__end_of_watersensor_event        text3242     0235B
__pbitbssBANK0                    bitbssBANK0  00368
__pbitbssCOMMON                   bitbssCOMMON 00380
__pbssBANK0                       bssBANK0     00062
__pbssBANK1                       bssBANK1     000C6
__pbssBANK2                       bssBANK2     00120
__pbssBANK3                       bssBANK3     001CA
__pcstackBANK0                    cstackBANK0  00021
__pcstackBANK1                    cstackBANK1  000A0
__pcstackCOMMON                   cstackCOMMON 00072
__pdataBANK0                      dataBANK0    0006E
__pdataBANK1                      dataBANK1    000DD
__pdataBANK2                      dataBANK2    00158
__pdataBANK3                      dataBANK3    001A0
__pdataBANK4                      dataBANK4    00220
__pfunctab                        functab      00100
__pidataBANK0                     idataBANK0   00002
__pidataBANK1                     idataBANK1   02931
__pidataBANK2                     idataBANK2   029AA
__pidataBANK3                     idataBANK3   02B96
__pidataBANK4                     idataBANK4   02CDC
__pintentry                       intentry     00004
__pmaintext                       maintext     0274E
__pstringtext                     stringtext   00200
__pswtext1                        swtext1      000F3
__pswtext2                        swtext2      02800
__pswtext3                        swtext3      0281E
__ptext3221                       text3221     01053
__ptext3222                       text3222     02875
__ptext3223                       text3223     02920
__ptext3224                       text3224     02867
__ptext3225                       text3225     01E8C
__ptext3226                       text3226     02ABD
__ptext3227                       text3227     01D2E
__ptext3228                       text3228     02630
__ptext3229                       text3229     0180C
__ptext3230                       text3230     0188D
__ptext3231                       text3231     02215
__ptext3232                       text3232     029F6
__ptext3233                       text3233     02446
__ptext3234                       text3234     001DE
__ptext3235                       text3235     00B3D
__ptext3236                       text3236     01942
__ptext3237                       text3237     025B3
__ptext3238                       text3238     02C48
__ptext3239                       text3239     01AC6
__ptext3240                       text3240     0098C
__ptext3241                       text3241     02EED
__ptext3242                       text3242     022EA
__ptext3243                       text3243     021AC
__ptext3244                       text3244     01256
__ptext3245                       text3245     0094C
__ptext3246                       text3246     02D4B
__ptext3247                       text3247     024BD
__ptext3248                       text3248     02025
__ptext3249                       text3249     028CE
__ptext3250                       text3250     028BF
__ptext3251                       text3251     028B0
__ptext3252                       text3252     028A1
__ptext3253                       text3253     02892
__ptext3254                       text3254     02969
__ptext3255                       text3255     026BE
__ptext3256                       text3256     02537
__ptext3257                       text3257     02BED
[...]
__size_of_rtc_work                (abs)        00000
__size_of_serial_init             (abs)        00000
__size_of_serial_rx_isr           (abs)        00000
__size_of_serial_tx_isr           (abs)        00000
__size_of_set_Arm                 (abs)        00000
__size_of_set_Beeper              (abs)        00000
__size_of_set_Bowl                (abs)        00000
__size_of_set_Dosage              (abs)        00000
__size_of_set_Dryer               (abs)        00000
__size_of_set_LED                 (abs)        00000
__size_of_set_LED_Cartridge       (abs)        00000
__size_of_set_LED_Cat             (abs)        00000
__size_of_set_LED_Error           (abs)        00000
__size_of_set_LED_Locked          (abs)        00000
__size_of_set_Pump                (abs)        00000
__size_of_set_mode                (abs)        00000
__size_of_set_pacer               (abs)        00000
__size_of_settimeout              (abs)        00000
__size_of_setup_long              (abs)        00000
__size_of_setup_short             (abs)        00000
__size_of_setupbutton_event       (abs)        00000
__size_of_start_long              (abs)        00000
__size_of_start_short             (abs)        00000
__size_of_startbutton_event       (abs)        00000
__size_of_strlen                  (abs)        00000
__size_of_strncmp                 (abs)        00000
__size_of_timeoutexpired          (abs)        00000
__size_of_timeoutnever            (abs)        00000
__size_of_timeoutnow              (abs)        00000
__size_of_timer_init              (abs)        00000
__size_of_timer_isr               (abs)        00000
__size_of_timestampdiff           (abs)        00000
__size_of_update_autotimer        (abs)        00000
__size_of_update_display          (abs)        00000
__size_of_userinterface_init      (abs)        00000
__size_of_userinterface_work      (abs)        00000
__size_of_wait_instruction        (abs)        00000
__size_of_water_detected          (abs)        00000
__size_of_water_fill              (abs)        00000
__size_of_water_filling           (abs)        00000
__size_of_water_init              (abs)        00000
__size_of_water_work              (abs)        00000
__size_of_watersensor_event       (abs)        00000
__stringtab                       stringtext   00200
_auto_mode                        bssBANK0     00062
_autotimer                        dataBANK1    000DD
_both_long                        text3263     028DD
_both_short                       text3254     02969
_buttonmask_cum                   bssBANK1     000D5
_buttonmask_cur                   bssBANK1     000D6
_buttonmask_evt                   bssBANK1     000D7
_cart_level                       dataBANK0    0006E
_cartridgetimeout                 bssBANK2     0013A
_cat_detected                     bitbssCOMMON 00380
_cat_present                      bitbssCOMMON 00381
_catgenie_init                    text3270     00053
_catgenie_work                    text3221     01053
_catgenie_work$30512              cstackBANK0  00045
_catsensor_event                  text3230     0188D
_catsensor_event$10723            cstackBANK0  0004F
_catsensor_init                   text3312     02883
_catsensor_isr_input              text3317     0284D
_catsensor_isr_timer              text3318     02A10
_catsensor_work                   text3228     02630
_cattimer                         bssBANK2     00140
_cleanupprogram                   stringtext   004F2
_cmd2index                        text3261     02E9F
_cmdline_init                     text3259     02859
_cmdline_work                     text3226     02ABD
_commands                         stringtext   00516
_cur_instruction                  bssBANK0     00068
_currenttime                      bssBANK1     000C6
_debouncer                        dataBANK2    00158
_debouncers                       dataBANK3    001A0
_detected                         bitbssBANK0  00368
_detected_cur                     bitbssCOMMON 00382
_detected_dbc                     bitbssBANK0  00369
_detected_old                     bitbssCOMMON 00383
_dpowers                          stringtext   00201
_drain                            stringtext   004B3
_drain_dry                        stringtext   00342
_echo                             text3247     024BD
_echo$17754                       cstackBANK0  0004A
_echoed                           bitbssCOMMON 00384
_eeprom_read                      text3308     02ADC
_eeprom_write                     text3309     02CA5
_error_drain                      bitbssCOMMON 00385
_error_execution                  bitbssCOMMON 00386
_error_fill                       bitbssCOMMON 00387
_error_flood                      bitbssCOMMON 00388
_error_nr                         bssBANK0     00063
_error_overheat                   bitbssCOMMON 00389
_exe_instruction                  text3235     00B3D
_exe_instruction$30234            cstackBANK1  000A0
_exe_instruction$30235            cstackBANK1  000A2
_exe_instruction$5954             cstackBANK1  000A6
_exe_instruction$5955             cstackBANK1  000A8
_exe_instruction$5960             cstackBANK1  000AA
_exe_instruction$5961             cstackBANK1  000AC
_exe_instruction$5967             cstackBANK1  000AE
_exe_instruction$5968             cstackBANK1  000B0
_exe_instruction$5976             cstackBANK1  000B2
_exe_instruction$5977             cstackBANK1  000B4
_exe_instruction$5985             cstackBANK1  000B6
_exe_instruction$5986             cstackBANK1  000B8
_exe_instruction$5993             cstackBANK1  000BA
_exe_instruction$5994             cstackBANK1  000BC
_exe_instruction$5998             cstackBANK1  000BE
_exe_instruction$6002             cstackBANK1  000C0
_exe_instruction$6006             cstackBANK1  000C2
_exe_instruction$6010             cstackBANK1  000C4
_exit                             init         0004E
_filling                          bitbssBANK0  0036A
_full_wash                        bitbssCOMMON 0038A
_get_Arm                          text3298     02A9F
_get_Bowl                         text3300     02A81
_get_Dosage                       text3295     037CE
_get_Dryer                        text3293     037D3
_get_Pump                         text3304     037C9
_get_instruction                  text3265     02956
_gettimestamp                     text3291     02E09
_heatsensor_event                 text3223     02920
_help                             text3248     02025
_help$30523                       cstackBANK0  0004B
_hexpowers                        stringtext   0020B
_holdtimeout                      dataBANK2    0015E
_hysteresis                       bssBANK0     00064
_ins_address                      bssBANK1     000CE
_ins_pointer                      bssBANK0     0006B
_ins_state                        bssBANK0     00065
_interrupt_init                   text3310     037F7
_interval                         bssBANK1     000D8
_isdigit                          text3277     02994
_isdigit$29792                    cstackBANK0  00021
_isr                              intentry     00004
_ledalwayson                      bitbssBANK0  0036B
_linebuffer                       bssBANK3     001CE
_litterlanguage_cleanup           text3246     02D4B
_litterlanguage_cleanup$5941      cstackBANK0  0004F
_litterlanguage_event             text3305     01800
_litterlanguage_init              text3237     025B3
_litterlanguage_pause             text3244     01256
_litterlanguage_paused            text3289     02832
_litterlanguage_running           text3301     037F0
_litterlanguage_start             text3245     0094C
_litterlanguage_start$5890        cstackBANK0  0004F
_litterlanguage_stop              text3243     021AC
_litterlanguage_work              text3225     01E8C
_litterlanguage_work$5880         cstackBANK0  00053
_localecho                        dataBANK0    0006F
_locked                           bitbssCOMMON 0038B
_longhandled                      bitbssCOMMON 0038C
_main                             maintext     0274E
_memcpy                           text3286     02C1A
_nBOR                             (abs)        004B0
_nPOR                             (abs)        004B1
_nT1SYNC                          (abs)        000C2
_nWPUEN                           (abs)        004AF
_overflows                        bssBANK1     000CA
_pacers                           dataBANK4    00220
_panel_mode                       bssBANK1     000D9
_paused                           bitbssCOMMON 0038D
_pinging                          bitbssCOMMON 0038E
_pingtime                         bssBANK2     00146
_postponetimeout                  text3282     02F47
_prg_source                       bssBANK1     000DA
_printf                           text3268     014A0
_printtime                        text3257     02BED
_proc_char                        text3229     0180C
_proc_line                        text3239     01AC6
_proc_line$30517                  cstackBANK0  00055
_process_button                   text3231     02215
_putch                            text3281     02BC0
_readch                           text3280     0227E
_reflectionquality                bssBANK1     000D0
_req_instruction                  text3266     02943
_romwashprogram_getins            text3287     029C2
_romwashprogram_reqins            text3288     02842
_rtc_init                         text3260     02A64
_rtc_work                         text3258     02084
_rx                               bssBANK2     00131
_second                           bssBANK2     0014C
_sensortimer                      bssBANK2     00152
_serial_init                      text3269     019FF
_serial_rx_isr                    text3316     0010D
_serial_rx_isr$22342              cstackCOMMON 00079
_serial_tx_isr                    text3315     000FF
_set_Arm                          text3297     02B23
_set_Beeper                       text3253     02892
_set_Bowl                         text3299     02AFF
_set_Dosage                       text3302     028ED
_set_Dryer                        text3292     0290F
_set_LED                          text3283     02E51
_set_LED_Cartridge                text3251     028B0
_set_LED_Cat                      text3250     028BF
_set_LED_Error                    text3252     028A1
_set_LED_Locked                   text3249     028CE
_set_Pump                         text3294     028FE
_set_mode                         text3241     02EED
_set_pacer                        text3262     023CF
_settimeout                       text3264     02147
_setup_long                       text3284     001FF
_setup_short                      text3233     02446
_setup_short$10735                cstackBANK0  0004B
_setupbutton_event                text3224     02867
_start_long                       text3232     029F6
_start_short                      text3234     001DE
_startbutton_event                text3222     02875
_state                            bssBANK0     00066
_strlen                           text3279     02C76
_strncmp                          text3278     01000
_surface                          stringtext   0045F
_timeoutexpired                   text3267     0235B
_timeoutnever                     text3303     02A2C
_timeoutnow                       text3285     02A48
_timer_autodose                   dataBANK2    00164
_timer_drain                      dataBANK1    000E3
_timer_fill                       dataBANK1    000E9
_timer_init                       text3313     02837
_timer_isr                        text3319     02B47
_timer_waitins                    dataBANK2    0016A
_timestampdiff                    text3290     01BF0
_update_autotimer                 text3255     026BE
_update_display                   text3240     0098C
_uptime                           bssBANK3     001CA
_userinterface_init               text3238     02C48
_userinterface_work               text3227     01D2E
_wait_instruction                 text3256     02537
_washprogram                      stringtext   00213
_water_detected                   text3307     037D8
_water_fill                       text3296     0297E
_water_filling                    text3306     037DE
_water_init                       text3311     02B6E
_water_work                       text3236     01942
_watersensor_event                text3242     022EA
_watersensor_event$5929           cstackBANK0  00050
_wet_program                      bitbssBANK0  0036C
btemp                             (abs)        0007E
catgenie120@PORTB_old             bssBANK1     000DB
catgenie_init@temp                cstackBANK0  00029
catgenie_init@tempmask            cstackBANK0  00028
catgenie_work@status              cstackBANK0  00047
catgenie_work@temp                cstackBANK0  00049
catgenie_work@tempmask            cstackBANK0  00046
catgenie_work@tempstate           cstackBANK0  00048
catsensor_event@detected          cstackBANK0  00051
clear_ram                         clrtext      037EA
cmd2index@cmd                     cstackBANK0  0002F
cmd2index@index                   cstackBANK0  00030
cmdline_work@rxd                  cstackBANK0  0005F
echo@argc                         cstackBANK0  00047
echo@argv                         cstackBANK0  00049
eeprom_read@addr                  cstackBANK0  00024
eeprom_write@addr                 cstackBANK0  00024
eeprom_write@value                cstackBANK0  00021
end_of_initialization             cinit        02FFD
exe_instruction@ret_address       bssBANK1     000D2
exe_instruction@temp              cstackBANK1  000A4
fpbase                            functab      00102
fptable                           functab      00100
fptotal                           (abs)        0000B
get_instruction@instruction       cstackBANK0  00025
gettimestamp@bytes                cstackBANK0  00026
gettimestamp@temp                 cstackBANK0  00028
gettimestamp@ticks                cstackBANK0  00021
heatsensor_event@detected         cstackBANK0  00040
help@argc                         cstackBANK0  00047
help@argv                         cstackBANK0  00049
help@index                        cstackBANK0  0004D
init_ram                          inittext     037E4
intlevel0                         functab      00100
intlevel1                         functab      00100
intlevel2                         functab      00100
intlevel3                         functab      00100
intlevel4                         functab      00100
intlevel5                         functab      00100
isdigit@c                         cstackBANK0  00022
isr@temp                          cstackCOMMON 0007D
litterlanguage_cleanup@wet        cstackBANK0  00051
litterlanguage_event@argument     cstackBANK0  00021
litterlanguage_event@event        cstackBANK0  00022
litterlanguage_init@flags         cstackBANK0  00054
litterlanguage_pause@context      bssBANK2     00120
litterlanguage_pause@pause        cstackBANK0  00050
litterlanguage_pause@timer_now    cstackBANK0  00051
litterlanguage_start@wet          cstackBANK0  00051
main@flags                        cstackBANK0  00061
memcpy@d                          cstackBANK0  00026
memcpy@d1                         cstackBANK0  00025
memcpy@n                          cstackBANK0  00022
memcpy@s                          cstackBANK0  00027
memcpy@s1                         cstackBANK0  00021
postponetimeout@longshort         cstackBANK0  0002F
postponetimeout@postpone          cstackBANK0  00023
postponetimeout@tempLongTicks     cstackBANK0  0002B
postponetimeout@timer_p           cstackBANK0  00021
printf@_val                       cstackBANK0  00043
printf@ap                         cstackBANK0  0003D
printf@c                          cstackBANK0  00042
printf@f                          cstackBANK0  0002F
printf@flag                       cstackBANK0  0003E
printf@prec                       cstackBANK0  00041
printf@width                      cstackBANK0  0003F
proc_char@curcolumn               bssBANK0     00067
proc_char@rxd                     cstackBANK0  0005E
proc_line@argc                    cstackBANK0  00058
proc_line@argv                    cstackBANK0  00051
proc_line@index                   cstackBANK0  00056
proc_line@len                     cstackBANK0  0005A
proc_line@line                    cstackBANK0  0005C
process_button@button_mask        cstackBANK0  0003F
process_button@down               cstackBANK0  0003D
putch@ch                          cstackBANK0  00022
putch@dummy                       cstackBANK0  00023
readch@ch                         cstackBANK0  00023
readch@result                     cstackBANK0  00024
req_instruction@instruction       cstackBANK0  00023
reset_vec                         reset_vec    00000
romwashprogram_getins@instruction cstackBANK0  00024
romwashprogram_reqins@address     cstackBANK0  00021
rtc_init@flags                    cstackBANK0  0003D
serial_init@bitrate               cstackBANK0  0002F
serial_init@divider               cstackBANK0  0003F
set_Arm@mode                      cstackBANK0  00022
set_Beeper@pattern                cstackBANK0  00031
set_Beeper@repeat                 cstackBANK0  0002E
set_Bowl@mode                     cstackBANK0  00022
set_Dosage@on                     cstackBANK0  00022
set_Dryer@on                      cstackBANK0  00022
set_LED@latch                     cstackBANK0  00024
set_LED@led                       cstackBANK0  00023
set_LED@mask                      cstackBANK0  00025
set_LED@on                        cstackBANK0  00021
set_LED_Cartridge@pattern         cstackBANK0  00031
set_LED_Cartridge@repeat          cstackBANK0  0002E
set_LED_Cat@pattern               cstackBANK0  00031
set_LED_Cat@repeat                cstackBANK0  0002E
set_LED_Error@pattern             cstackBANK0  00031
set_LED_Error@repeat              cstackBANK0  0002E
set_LED_Locked@pattern            cstackBANK0  00031
set_LED_Locked@repeat             cstackBANK0  0002E
set_Pump@on                       cstackBANK0  00022
set_mode@mode                     cstackBANK0  00049
set_pacer@pacer                   cstackBANK0  0002D
set_pacer@pattern                 cstackBANK0  00029
set_pacer@repeat                  cstackBANK0  0002A
settimeout@longshort              cstackBANK0  0003B
settimeout@tempLongTicks          cstackBANK0  00037
settimeout@timer_p                cstackBANK0  0002D
settimeout@timout                 cstackBANK0  0002F
setupbutton_event@up              cstackBANK0  00040
start                             init         0004E
start_initialization              cinit        02FA2
startbutton_event@up              cstackBANK0  00040
strlen@cp                         cstackBANK0  0002A
strlen@s                          cstackBANK0  00029
strncmp@len                       cstackBANK0  00027
strncmp@s1                        cstackBANK0  0002B
strncmp@s2                        cstackBANK0  00025
timeoutexpired@currentTime        cstackBANK0  00031
timeoutexpired@timer_p            cstackBANK0  00029
timeoutnever@timer_p              cstackBANK0  00025
timeoutnow@timer_p                cstackBANK0  00025
timestampdiff@diff                cstackBANK0  0002D
timestampdiff@early_longshort     cstackBANK0  00031
timestampdiff@early_p             cstackBANK0  00021
timestampdiff@late_longshort      cstackBANK0  00033
timestampdiff@late_p              cstackBANK0  00023
update_autotimer@mode             cstackBANK0  0003D
userinterface_init@flags          cstackBANK0  0004B
userinterface_work@update         cstackBANK0  0005A
water@state                       bssBANK1     000DC
water_fill@fill                   cstackBANK0  00022
water_init@channel                cstackBANK0  00023
water_init@mask                   cstackBANK0  00022
watersensor_event@detected        cstackBANK0  00052
wtemp0                            (abs)        0007E
