HI-TECH Software C Compiler 

Linker command line:

--edf=C:\Program Files (x86)\HI-TECH Software\PICC\9.83\dat\en_msgs.txt -cs \
  -h+catgenius_16f1939.sym -z -Q16F1939 -ol.obj -Mcatgenius_16f1939.map -E1 \
  -ACONST=00h-0FFhx64 -ACODE=00h-07FFhx8 -ASTRCODE=00h-03FFFh \
  -AENTRY=00h-0FFhx64 -ASTRING=00h-0FFhx64 -ABANK0=020h-06Fh \
  -ABANK1=0A0h-0EFh -ABANK2=0120h-016Fh -ABANK3=01A0h-01EFh \
  -ABANK4=0220h-026Fh -ABANK5=02A0h-02EFh -ABANK6=0320h-036Fh \
  -ABANK7=03A0h-03EFh -ABANK8=0420h-046Fh -ABANK9=04A0h-04EFh \
  -ABANK10=0520h-056Fh -ABANK11=05A0h-05EFh -ABANK12=0620h-064Fh \
  -ABIGRAM=02000h-023EFh \
  -ARAM=020h-06Fh,0A0h-0EFh,0120h-016Fh,01A0h-01EFh,0220h-026Fh,02A0h-02EFh,0320h-036Fh,03A0h-03EFh,0420h-046Fh,04A0h-04EFh,0520h-056Fh,05A0h-05EFh,0620h-064Fh \
  -AABS1=020h-07Fh,0A0h-0EFh,0120h-016Fh,01A0h-01EFh,0220h-026Fh,02A0h-02EFh,0320h-036Fh,03A0h-03EFh,0420h-046Fh,04A0h-04EFh,0520h-056Fh,05A0h-05EFh,0620h-064Fh \
  -ACOMMON=070h-07Fh -ASFR0=00h-01Fh -ASFR1=080h-09Fh -ASFR2=0100h-011Fh \
  -ASFR3=0180h-019Fh -ASFR4=0200h-021Fh -ASFR5=0280h-029Fh \
  -ASFR6=0300h-031Fh -ASFR7=0380h-039Fh -ASFR8=0400h-041Fh \
  -ASFR9=0480h-049Fh -ASFR10=0500h-051Fh -ASFR11=0580h-059Fh \
  -ASFR12=0600h-061Fh -ASFR13=0680h-06EFh -ASFR14=0700h-076Fh \
  -ASFR15=0780h-07EFh -ASFR16=0800h-086Fh -ASFR17=0880h-08EFh \
  -ASFR18=0900h-096Fh -ASFR19=0980h-09EFh -ASFR20=0A00h-0A6Fh \
  -ASFR21=0A80h-0AEFh -ASFR22=0B00h-0B6Fh -ASFR23=0B80h-0BEFh \
  -ASFR24=0C00h-0C6Fh -ASFR25=0C80h-0CEFh -ASFR26=0D00h-0D6Fh \
  -ASFR27=0D80h-0DEFh -ASFR28=0E00h-0E6Fh -ASFR29=0E80h-0EEFh \
  -ASFR30=0F00h-0F6Fh -ASFR31=0F80h-0FEFh \
  -preset_vec=00h,intentry=04h,init,end_init -ppowerup=CODE -pfunctab=CODE \
  -ACONFIG=08007h-08008h -pconfig=CONFIG -DCONFIG=2 -AIDLOC=08000h-08003h \
  -pidloc=IDLOC -DIDLOC=2 -AEEDATA=00h-0FFh/0F000h -peeprom_data=EEDATA \
  -DEEDATA=2 -DCODE=2 -DSTRCODE=2 -DSTRING=2 -DCONST=2 -DENTRY=2 -k \
  C:\Users\chris\AppData\Local\Temp\s5m8.obj catgenius_16f1939.obj 

Object code version is 3.10

Machine type is 16F1939



                Name                               Link     Load   Length Selector   Space Scale
C:\Users\chris\AppData\Local\Temp\s5m8.obj
                end_init                             50       50        3        8       0
                init                                 4E       4E        2        8       0
                reset_vec                             0        0        2        0       0
catgenius_16f1939.obj
                functab                             100      100        B        2       0
                intentry                              4        4       4A        8       0
                config                             8007     8007        2    1000E       0
                text3410                           2AE9     2AE9       27     55D2       0
                text3409                           2946     2946       1C     528C       0
                text3408                           373E     373E        C     6E7C       0
                text3407                           19F9     19F9       D1     33F2       0
                text3406                           1001     1001        1     2002       0
                text3404                           3733     3733        B     6E66       0
                text3403                           3774     3774        F     6EE8       0
                text3402                           1003     1003       28     2006       0
                text3401                           372A     372A        9     6E54       0
                text3400                           2BF5     2BF5       37     57EA       0
                text3399                           2A33     2A33       23     5466       0
                text3398                           370B     370B        6     6E16       0
                text3397                           3711     3711        6     6E22       0
                text3396                           36F7     36F7        5     6DEE       0
                text3395                           2962     2962       1C     52C4       0
                text3394                           37DE     37DE       11     6FBC       0
                text3393                           3723     3723        7     6E46       0
                text3392                           29B7     29B7       1E     536E       0
                text3391                           2A56     2A56       24     54AC       0
                text3390                           29D5     29D5       1E     53AA       0
                text3389                           2A7A     2A7A       24     54F4       0
                text3388                           289D     289D       16     513A       0
                text3387                           36FC     36FC        5     6DF8       0
                text3386                           37EF     37EF       11     6FDE       0
                text3385                           3701     3701        5     6E02       0
                text3384                           283D     283D       11     507A       0
                text3383                           2D57     2D57       48     5AAE       0
                text3382                           1BF4     1BF4      13E     37E8       0
                text3381                           3706     3706        5     6E0C       0
                text3380                           1002     1002        1     2004       0
                text3379                           2832     2832        B     5064       0
                text3378                           28F8     28F8       1A     51F0       0
                text3377                           2B6A     2B6A       2E     56D4       0
                text3376                           297E     297E       1C     52FC       0
                text3375                             FF       FF        1        8       0
                text3374                           2D9F     2D9F       4E     5B3E       0
                text3373                           2EE8     2EE8       5B     5DD0       0
                text3372                           2B10     2B10       2D     5620       0
                text3371                           226F     226F       6C     44DE       0
                text3370                           2BC6     2BC6       2F     578C       0
                text3369                           2E3B     2E3B       53     5C76       0
                text3368                           28B3     28B3       16     5166       0
                text3367                           2912     2912       1A     5224       0
                text3366                           2A9E     2A9E       25     553C       0
                text3365                            945      945       47     128A       0
                text3364                           2CD8     2CD8       3F     59B0       0
                text3363                           2C2C     2C2C       38     5858       0
                text3362                           206C     206C       63     40D8       0
                text3361                             53       53       AC        8       0
                text3360                           192D     192D       CC     325A       0
                text3359                           14A0     14A0      360     2940       0
                text3358                           234C     234C       74     4698       0
                text3357                           2860     2860       13     50C0       0
                text3356                            1ED      1ED       13        2       0
                text3355                           20CF     20CF       65     419E       0
                text3354                           37CE     37CE       10     6F9C       0
                text3353                           23C0     23C0       7A     4780       0
                text3352                           2DED     2DED       4E     5BDA       0
                text3351                           299A     299A       1D     5334       0
                text3350                           374A     374A        E     6E94       0
                text3349                           200C     200C       60     4018       0
                text3348                           2B3D     2B3D       2D     567A       0
                text3347                           24B4     24B4       7C     4968       0
                text3346                           26BD     26BD       90     4D7A       0
                text3345                           2873     2873       15     50E6       0
                text3344                           2AC3     2AC3       26     5586       0
                text3343                           3783     3783        F     6F06       0
                text3342                           3792     3792        F     6F24       0
                text3341                           37A1     37A1        F     6F42       0
                text3340                           37B0     37B0        F     6F60       0
                text3339                           37BF     37BF        F     6F7E       0
                text3338                           2FA1     2FA1       5F     5F42       0
                text3337                           243A     243A       7A     4874       0
                text3336                           2C64     2C64       38     58C8       0
                text3335                           2D17     2D17       40     5A2E       0
                text3334                           2E8E     2E8E       5A     5D1C       0
                swtext4                            281E     281E       14     5000       0
                text3333                            98C      98C      1B1     1318       0
                text3332                           1ACA     1ACA      12A     3594       0
                text3331                           2B98     2B98       2E     5730       0
                text3330                           2530     2530       7D     4A60       0
                text3329                           1801     1801       77     3002       0
                text3328                           2134     2134       69     4268       0
                text3327                           1878     1878       B5     30F0       0
                text3326                           25AD     25AD       81     4B5A       0
                text3325                           262E     262E       8F     4C5C       0
                text3324                           29F3     29F3       1F     53E6       0
                text3323                           1256     1256      24A     24AC       0
                text3322                           22DB     22DB       71     45B6       0
                text3321                           2888     2888       15     5110       0
                text3320                           3758     3758        E     6EB0       0
                text3319                           3766     3766        E     6ECC       0
                text3318                            10B      10B       E2        2       0
                text3317                           102B     102B      22B     2056       0
                text3316                           2A12     2A12       21     5424       0
                text3315                           292C     292C       1A     5258       0
                text3314                           1D32     1D32      15A     3A64       0
                text3313                           219D     219D       69     433A       0
                swtext3                            3000     3000        C     6000       0
                text3312                           2206     2206       69     440C       0
                swtext2                            2800     2800       1E     5000       0
                text3311                            B3D      B3D      4C3     167A       0
                swtext1                            2000     2000        C     4000       0
                text3310                           1E8C     1E8C      174     3D18       0
                maintext                           274D     274D       B3     4E9A       0
                cstackBANK0                          21       21       41       21       1
                cstackCOMMON                         72       72        C       70       1
                cstackBANK1                          A0       A0       26       A0       1
                inittext                           3717     3717        6     6E2E       0
                clrtext                            371D     371D        6     6E3A       0
                dataBANK4                           220      220       3C      220       1
                dataBANK3                           1BA      1BA       17      1A0       1
                bssBANK3                            1A0      1A0       1A      1A0       1
                dataBANK2                           158      158       18      120       1
                bssBANK2                            120      120       38      120       1
                dataBANK1                            DE       DE       12       A0       1
                bssBANK1                             C6       C6       18       A0       1
                dataBANK0                            6E       6E        2       21       1
                bssBANK0                             62       62        B       21       1
                bitbssBANK0                         368       6D        6       21       1     8
                bitbssCOMMON                        380       70        F       70       1     8
                cinit                              2F43     2F43       5E     5E86       0
                stringtext                          200      200      745        4       0
                idataBANK1                         284E     284E       12     509C       0
                idataBANK4                         2C9C     2C9C       3C     5938       0
                idataBANK2                         28E0     28E0       18     51C0       0
                idataBANK3                         28C9     28C9       17     5192       0
                idataBANK0                            2        2        2        0       0

TOTAL           Name                               Link     Load   Length     Space
        CLASS   CONST          
                swtext4                            281E     281E       14         0
                swtext3                            3000     3000        C         0
                swtext2                            2800     2800       1E         0
                swtext1                            2000     2000        C         0

        CLASS   CODE           
                end_init                             50       50        3         0
                init                                 4E       4E        2         0
                functab                             100      100        B         0
                intentry                              4        4       4A         0
                reset_vec                             0        0        2         0
                text3410                           2AE9     2AE9       27         0
                text3409                           2946     2946       1C         0
                text3408                           373E     373E        C         0
                text3407                           19F9     19F9       D1         0
                text3406                           1001     1001        1         0
                text3404                           3733     3733        B         0
                text3403                           3774     3774        F         0
                text3402                           1003     1003       28         0
                text3401                           372A     372A        9         0
                text3400                           2BF5     2BF5       37         0
                text3399                           2A33     2A33       23         0
                text3398                           370B     370B        6         0
                text3397                           3711     3711        6         0
                text3396                           36F7     36F7        5         0
                text3395                           2962     2962       1C         0
                text3394                           37DE     37DE       11         0
                text3393                           3723     3723        7         0
                text3392                           29B7     29B7       1E         0
                text3391                           2A56     2A56       24         0
                text3390                           29D5     29D5       1E         0
                text3389                           2A7A     2A7A       24         0
                text3388                           289D     289D       16         0
                text3387                           36FC     36FC        5         0
                text3386                           37EF     37EF       11         0
                text3385                           3701     3701        5         0
                text3384                           283D     283D       11         0
                text3383                           2D57     2D57       48         0
                text3382                           1BF4     1BF4      13E         0
                text3381                           3706     3706        5         0
                text3380                           1002     1002        1         0
                text3379                           2832     2832        B         0
                text3378                           28F8     28F8       1A         0
                text3377                           2B6A     2B6A       2E         0
                text3376                           297E     297E       1C         0
                text3375                             FF       FF        1         0
                text3374                           2D9F     2D9F       4E         0
                text3373                           2EE8     2EE8       5B         0
                text3372                           2B10     2B10       2D         0
                text3371                           226F     226F       6C         0
                text3370                           2BC6     2BC6       2F         0
                text3369                           2E3B     2E3B       53         0
                text3368                           28B3     28B3       16         0
                text3367                           2912     2912       1A         0
                text3366                           2A9E     2A9E       25         0
                text3365                            945      945       47         0
                text3364                           2CD8     2CD8       3F         0
                text3363                           2C2C     2C2C       38         0
                text3362                           206C     206C       63         0
                text3361                             53       53       AC         0
                text3360                           192D     192D       CC         0
                text3359                           14A0     14A0      360         0
                text3358                           234C     234C       74         0
                text3357                           2860     2860       13         0
                text3356                            1ED      1ED       13         0
                text3355                           20CF     20CF       65         0
                text3354                           37CE     37CE       10         0
                text3353                           23C0     23C0       7A         0
                text3352                           2DED     2DED       4E         0
                text3351                           299A     299A       1D         0
                text3350                           374A     374A        E         0
                text3349                           200C     200C       60         0
                text3348                           2B3D     2B3D       2D         0
                text3347                           24B4     24B4       7C         0
                text3346                           26BD     26BD       90         0
                text3345                           2873     2873       15         0
                text3344                           2AC3     2AC3       26         0
                text3343                           3783     3783        F         0
                text3342                           3792     3792        F         0
                text3341                           37A1     37A1        F         0
                text3340                           37B0     37B0        F         0
                text3339                           37BF     37BF        F         0
                text3338                           2FA1     2FA1       5F         0
                text3337                           243A     243A       7A         0
                text3336                           2C64     2C64       38         0
                text3335                           2D17     2D17       40         0
                text3334                           2E8E     2E8E       5A         0
                text3333                            98C      98C      1B1         0
                text3332                           1ACA     1ACA      12A         0
                text3331                           2B98     2B98       2E         0
                text3330                           2530     2530       7D         0
                text3329                           1801     1801       77         0
                text3328                           2134     2134       69         0
                text3327                           1878     1878       B5         0
                text3326                           25AD     25AD       81         0
                text3325                           262E     262E       8F         0
                text3324                           29F3     29F3       1F         0
                text3323                           1256     1256      24A         0
                text3322                           22DB     22DB       71         0
                text3321                           2888     2888       15         0
                text3320                           3758     3758        E         0
                text3319                           3766     3766        E         0
                text3318                            10B      10B       E2         0
                text3317                           102B     102B      22B         0
                text3316                           2A12     2A12       21         0
                text3315                           292C     292C       1A         0
                text3314                           1D32     1D32      15A         0
                text3313                           219D     219D       69         0
                text3312                           2206     2206       69         0
                text3311                            B3D      B3D      4C3         0
                text3310                           1E8C     1E8C      174         0
                maintext                           274D     274D       B3         0
                inittext                           3717     3717        6         0
                clrtext                            371D     371D        6         0
                cinit                              2F43     2F43       5E         0
                idataBANK1                         284E     284E       12         0
                idataBANK4                         2C9C     2C9C       3C         0
                idataBANK2                         28E0     28E0       18         0
                idataBANK3                         28C9     28C9       17         0
                idataBANK0                            2        2        2         0

        CLASS   STRCODE        
                stringtext                          200      200      745         0

        CLASS   ENTRY          

        CLASS   STRING         

        CLASS   BANK0          
                cstackBANK0                          21       21       41         1
                dataBANK0                            6E       6E        2         1
                bssBANK0                             62       62        B         1
                bitbssBANK0                         368       6D        6         1

        CLASS   BANK1          
                cstackBANK1                          A0       A0       26         1
                dataBANK1                            DE       DE       12         1
                bssBANK1                             C6       C6       18         1

        CLASS   BANK2          
                dataBANK2                           158      158       18         1
                bssBANK2                            120      120       38         1

        CLASS   BANK3          
                dataBANK3                           1BA      1BA       17         1
                bssBANK3                            1A0      1A0       1A         1

        CLASS   BANK4          
                dataBANK4                           220      220       3C         1

        CLASS   BANK5          

        CLASS   BANK6          

        CLASS   BANK7          

        CLASS   BANK8          

        CLASS   BANK9          

        CLASS   BANK10         

        CLASS   BANK11         

        CLASS   BANK12         

        CLASS   BIGRAM         

        CLASS   RAM            

        CLASS   ABS1           
                abs_s1                               20       20        1         1
                abs_s1                               7E       7E        2         1

        CLASS   COMMON         
                cstackCOMMON                         72       72        C         1
                bitbssCOMMON                        380       70        F         1

        CLASS   SFR0           

        CLASS   SFR1           

        CLASS   SFR2           

        CLASS   SFR3           

        CLASS   SFR4           

        CLASS   SFR5           

        CLASS   SFR6           

        CLASS   SFR7           

        CLASS   SFR8           

        CLASS   SFR9           

        CLASS   SFR10          

        CLASS   SFR11          

        CLASS   SFR12          

        CLASS   SFR13          

        CLASS   SFR14          

        CLASS   SFR15          

        CLASS   SFR16          

        CLASS   SFR17          

        CLASS   SFR18          

        CLASS   SFR19          

        CLASS   SFR20          

        CLASS   SFR21          

        CLASS   SFR22          

        CLASS   SFR23          

        CLASS   SFR24          

        CLASS   SFR25          

        CLASS   SFR26          

        CLASS   SFR27          

        CLASS   SFR28          

        CLASS   SFR29          

        CLASS   SFR30          

        CLASS   SFR31          

        CLASS   CONFIG         
                config                             8007     8007        2         0

        CLASS   IDLOC          

        CLASS   EEDATA         

        CLASS   BANK31         

        CLASS   BANK30         

        CLASS   BANK29         

        CLASS   BANK28         

        CLASS   BANK27         

        CLASS   BANK26         

        CLASS   BANK25         

        CLASS   BANK24         

        CLASS   BANK23         

        CLASS   BANK22         

        CLASS   BANK21         

        CLASS   BANK20         

        CLASS   BANK19         

        CLASS   BANK18         

        CLASS   BANK17         

        CLASS   BANK16         

        CLASS   BANK15         

        CLASS   BANK14         

        CLASS   BANK13         



SEGMENTS        Name                           Load    Length   Top    Selector   Space  Class     Delta

                reset_vec                      000000  000004  000004         0       0  CODE        2
                intentry                       000004  0000FC  000100         8       0  CODE        2
                cstackBANK0                    000021  00004F  000070        21       1  BANK0       1
                bitbssCOMMON                   000070  00000E  00007E        70       1  COMMON      1
                cstackBANK1                    0000A0  000050  0000F0        A0       1  BANK1       1
                bssBANK2                       000120  000050  000170       120       1  BANK2       1
                bssBANK3                       0001A0  000031  0001D1       1A0       1  BANK3       1
                functab                        000100  000100  000200         2       0  CODE        2
                dataBANK4                      000220  00003C  00025C       220       1  BANK4       1
                stringtext                     000200  000745  000945         4       0  STRCODE     2
                text3365                       000945  000047  00098C      128A       0  CODE        2
                text3333                       00098C  0001B1  000B3D      1318       0  CODE        2
                text3311                       000B3D  0004C3  001000      167A       0  CODE        2
                text3406                       001001  000001  001002      2002       0  CODE        2
                text3380                       001002  000001  001003      2004       0  CODE        2
                text3402                       001003  000028  00102B      2006       0  CODE        2
                text3317                       00102B  00022B  001256      2056       0  CODE        2
                text3323                       001256  00024A  0014A0      24AC       0  CODE        2
                text3359                       0014A0  000360  001800      2940       0  CODE        2
                text3329                       001801  000077  001878      3002       0  CODE        2
                text3327                       001878  0000B5  00192D      30F0       0  CODE        2
                text3360                       00192D  0000CC  0019F9      325A       0  CODE        2
                text3407                       0019F9  0000D1  001ACA      33F2       0  CODE        2
                text3332                       001ACA  00012A  001BF4      3594       0  CODE        2
                text3382                       001BF4  00013E  001D32      37E8       0  CODE        2
                text3314                       001D32  00015A  001E8C      3A64       0  CODE        2
                text3310                       001E8C  000174  002000      3D18       0  CODE        2
                swtext1                        002000  00000C  00200C      4000       0  CONST       2
                text3349                       00200C  000060  00206C      4018       0  CODE        2
                text3362                       00206C  000063  0020CF      40D8       0  CODE        2
                text3355                       0020CF  000065  002134      419E       0  CODE        2
                text3328                       002134  000069  00219D      4268       0  CODE        2
                text3313                       00219D  000069  002206      433A       0  CODE        2
                text3312                       002206  000069  00226F      440C       0  CODE        2
                text3371                       00226F  00006C  0022DB      44DE       0  CODE        2
                text3322                       0022DB  000071  00234C      45B6       0  CODE        2
                text3358                       00234C  000074  0023C0      4698       0  CODE        2
                text3353                       0023C0  00007A  00243A      4780       0  CODE        2
                text3337                       00243A  00007A  0024B4      4874       0  CODE        2
                text3347                       0024B4  00007C  002530      4968       0  CODE        2
                text3330                       002530  00007D  0025AD      4A60       0  CODE        2
                text3326                       0025AD  000081  00262E      4B5A       0  CODE        2
                text3325                       00262E  00008F  0026BD      4C5C       0  CODE        2
                text3346                       0026BD  000090  00274D      4D7A       0  CODE        2
                maintext                       00274D  0000B3  002800      4E9A       0  CODE        2
                swtext2                        002800  000032  002832      5000       0  CONST       2
                text3379                       002832  00000B  00283D      5064       0  CODE        2
                text3384                       00283D  000011  00284E      507A       0  CODE        2
                idataBANK1                     00284E  000012  002860      509C       0  CODE        2
                text3357                       002860  000013  002873      50C0       0  CODE        2
                text3345                       002873  000015  002888      50E6       0  CODE        2
                text3321                       002888  000015  00289D      5110       0  CODE        2
                text3388                       00289D  000016  0028B3      513A       0  CODE        2
                text3368                       0028B3  000016  0028C9      5166       0  CODE        2
                idataBANK3                     0028C9  000017  0028E0      5192       0  CODE        2
                idataBANK2                     0028E0  000018  0028F8      51C0       0  CODE        2
                text3378                       0028F8  00001A  002912      51F0       0  CODE        2
                text3367                       002912  00001A  00292C      5224       0  CODE        2
                text3315                       00292C  00001A  002946      5258       0  CODE        2
                text3409                       002946  00001C  002962      528C       0  CODE        2
                text3395                       002962  00001C  00297E      52C4       0  CODE        2
                text3376                       00297E  00001C  00299A      52FC       0  CODE        2
                text3351                       00299A  00001D  0029B7      5334       0  CODE        2
                text3392                       0029B7  00001E  0029D5      536E       0  CODE        2
                text3390                       0029D5  00001E  0029F3      53AA       0  CODE        2
                text3324                       0029F3  00001F  002A12      53E6       0  CODE        2
                text3316                       002A12  000021  002A33      5424       0  CODE        2
                text3399                       002A33  000023  002A56      5466       0  CODE        2
                text3391                       002A56  000024  002A7A      54AC       0  CODE        2
                text3389                       002A7A  000024  002A9E      54F4       0  CODE        2
                text3366                       002A9E  000025  002AC3      553C       0  CODE        2
                text3344                       002AC3  000026  002AE9      5586       0  CODE        2
                text3410                       002AE9  000027  002B10      55D2       0  CODE        2
                text3372                       002B10  00002D  002B3D      5620       0  CODE        2
                text3348                       002B3D  00002D  002B6A      567A       0  CODE        2
                text3377                       002B6A  00002E  002B98      56D4       0  CODE        2
                text3331                       002B98  00002E  002BC6      5730       0  CODE        2
                text3370                       002BC6  00002F  002BF5      578C       0  CODE        2
                text3400                       002BF5  000037  002C2C      57EA       0  CODE        2
                text3363                       002C2C  000038  002C64      5858       0  CODE        2
                text3336                       002C64  000038  002C9C      58C8       0  CODE        2
                idataBANK4                     002C9C  00003C  002CD8      5938       0  CODE        2
                text3364                       002CD8  00003F  002D17      59B0       0  CODE        2
                text3335                       002D17  000040  002D57      5A2E       0  CODE        2
                text3383                       002D57  000048  002D9F      5AAE       0  CODE        2
                text3374                       002D9F  00004E  002DED      5B3E       0  CODE        2
                text3352                       002DED  00004E  002E3B      5BDA       0  CODE        2
                text3369                       002E3B  000053  002E8E      5C76       0  CODE        2
                text3334                       002E8E  00005A  002EE8      5D1C       0  CODE        2
                text3373                       002EE8  00005B  002F43      5DD0       0  CODE        2
                cinit                          002F43  00005E  002FA1      5E86       0  CODE        2
                text3338                       002FA1  00005F  003000      5F42       0  CODE        2
                swtext3                        003000  00000C  00300C      6000       0  CONST       2
                text3396                       0036F7  000005  0036FC      6DEE       0  CODE        2
                text3387                       0036FC  000005  003701      6DF8       0  CODE        2
                text3385                       003701  000005  003706      6E02       0  CODE        2
                text3381                       003706  000005  00370B      6E0C       0  CODE        2
                text3398                       00370B  000006  003711      6E16       0  CODE        2
                text3397                       003711  000006  003717      6E22       0  CODE        2
                inittext                       003717  000006  00371D      6E2E       0  CODE        2
                clrtext                        00371D  000006  003723      6E3A       0  CODE        2
                text3393                       003723  000007  00372A      6E46       0  CODE        2
                text3401                       00372A  000009  003733      6E54       0  CODE        2
                text3404                       003733  00000B  00373E      6E66       0  CODE        2
                text3408                       00373E  00000C  00374A      6E7C       0  CODE        2
                text3350                       00374A  00000E  003758      6E94       0  CODE        2
                text3320                       003758  00000E  003766      6EB0       0  CODE        2
                text3319                       003766  00000E  003774      6ECC       0  CODE        2
                text3403                       003774  00000F  003783      6EE8       0  CODE        2
                text3343                       003783  00000F  003792      6F06       0  CODE        2
                text3342                       003792  00000F  0037A1      6F24       0  CODE        2
                text3341                       0037A1  00000F  0037B0      6F42       0  CODE        2
                text3340                       0037B0  00000F  0037BF      6F60       0  CODE        2
                text3339                       0037BF  00000F  0037CE      6F7E       0  CODE        2
                text3354                       0037CE  000010  0037DE      6F9C       0  CODE        2
                text3394                       0037DE  000011  0037EF      6FBC       0  CODE        2
                text3386                       0037EF  000011  003800      6FDE       0  CODE        2
                config                         008007  000002  008009     1000E       0  CONFIG      2


UNUSED ADDRESS RANGES

        Name                Unused          Largest block    Delta
        BANK10           00520-0056F              50           1
        BANK11           005A0-005EF              50           1
        BANK12           00620-0064F              30           1
        BANK3            001D1-001EF              1F           1
        BANK4            0025C-0026F              14           1
        BANK5            002A0-002EF              50           1
        BANK6            00320-0036F              50           1
        BANK7            003A0-003EF              50           1
        BANK8            00420-0046F              50           1
        BANK9            004A0-004EF              50           1
        BIGRAM           02000-023EF             3F0           1
        CODE             01000-01000               1           2
                         01800-01800               1
                         0300C-036F6             6EB
                         03800-03FFF             800
        CONST            01000-01000               1           2
                         01800-01800               1
                         0300C-036F6             100
                         03800-03FFF             100
        EEDATA           0F000-0F0FF             100           2
        ENTRY            01000-01000               1           2
                         01800-01800               1
                         0300C-036F6             100
                         03800-03FFF             100
        IDLOC            08000-08003               4           2
        RAM              001D1-001EF              1F           1
                         0025C-0026F              14
                         002A0-002EF              50
                         00320-0036F              50
                         003A0-003EF              50
                         00420-0046F              50
                         004A0-004EF              50
                         00520-0056F              50
                         005A0-005EF              50
                         00620-0064F              30
        SFR0             00000-0001F              20           1
        SFR1             00080-0009F              20           1
        SFR10            00500-0051F              20           1
        SFR11            00580-0059F              20           1
        SFR12            00600-0061F              20           1
        SFR13            00680-006EF              70           1
        SFR14            00700-0076F              70           1
        SFR15            00780-007EF              70           1
        SFR16            00800-0086F              70           1
        SFR17            00880-008EF              70           1
        SFR18            00900-0096F              70           1
        SFR19            00980-009EF              70           1
        SFR2             00100-0011F              20           1
        SFR20            00A00-00A6F              70           1
        SFR21            00A80-00AEF              70           1
        SFR22            00B00-00B6F              70           1
        SFR23            00B80-00BEF              70           1
        SFR24            00C00-00C6F              70           1
        SFR25            00C80-00CEF              70           1
        SFR26            00D00-00D6F              70           1
        SFR27            00D80-00DEF              70           1
        SFR28            00E00-00E6F              70           1
        SFR29            00E80-00EEF              70           1
        SFR3             00180-0019F              20           1
        SFR30            00F00-00F6F              70           1
        SFR31            00F80-00FEF              70           1
        SFR4             00200-0021F              20           1
        SFR5             00280-0029F              20           1
        SFR6             00300-0031F              20           1
        SFR7             00380-0039F              20           1
        SFR8             00400-0041F              20           1
        SFR9             00480-0049F              20           1
        STRCODE          01000-01000               1           2
                         01800-01800               1
                         0300C-036F6             6EB
                         03800-03FFF             800
        STRING           01000-01000               1           2
                         01800-01800               1
                         0300C-036F6             100
                         03800-03FFF             100

                                  Symbol Table

??___bmul                           cstackBANK0  00022
??___lldiv                          cstackBANK0  00029
??___lmul                           cstackBANK0  00029
??___lwdiv                          cstackBANK0  00025
??___lwmod                          cstackBANK0  0002D
??___wmul                           cstackBANK0  00025
??_both_long                        cstackBANK0  00025
??_both_short                       cstackBANK0  0003D
??_catgenie_init                    cstackBANK0  00025
??_catgenie_work                    cstackBANK0  00042
??_catsensor_event                  cstackBANK0  0004F
??_catsensor_init                   cstackBANK0  00021
??_catsensor_isr_input              cstackCOMMON 00072
??_catsensor_isr_timer              cstackCOMMON 00072
??_catsensor_work                   cstackBANK0  00052
??_cmd2index                        cstackBANK0  0002E
??_cmdline_init                     cstackBANK0  00047
??_cmdline_work                     cstackBANK0  0005F
??_echo                             cstackBANK0  0004A
??_eeprom_read                      cstackBANK0  00021
??_eeprom_write                     cstackBANK0  00022
??_exe_instruction                  cstackBANK0  00059
??_get_Arm                          cstackBANK0  00021
??_get_Bowl                         cstackBANK0  00021
??_get_Dosage                       cstackBANK0  00021
??_get_Dryer                        cstackBANK0  00021
??_get_Pump                         cstackBANK0  00021
??_get_instruction                  cstackBANK0  00025
??_gettimestamp                     cstackBANK0  00023
??_heatsensor_event                 cstackBANK0  00021
??_help                             cstackBANK0  0004A
??_interrupt_init                   cstackBANK0  00021
??_isdigit                          cstackBANK0  00021
??_isr                              cstackCOMMON 0007B
??_key_Beep                         cstackBANK0  0002E
??_litterlanguage_cleanup           cstackBANK0  0004F
??_litterlanguage_event             cstackBANK0  00058
??_litterlanguage_init              cstackBANK0  00052
??_litterlanguage_pause             cstackBANK0  0004F
??_litterlanguage_paused            cstackBANK0  00021
??_litterlanguage_running           cstackBANK0  00021
??_litterlanguage_start             cstackBANK0  0004F
??_litterlanguage_stop              cstackBANK0  0004F
??_litterlanguage_work              cstackBANK0  0005A
??_main                             cstackBANK0  00060
??_memcpy                           cstackBANK0  00024
??_postponetimeout                  cstackBANK0  00027
??_printf                           cstackBANK0  00039
??_printtime                        cstackBANK0  00047
??_proc_char                        cstackBANK0  0005D
??_proc_line                        cstackBANK0  0004F
??_process_button                   cstackBANK0  0003E
??_putch                            cstackBANK0  00021
??_readch                           cstackBANK0  00021
??_req_instruction                  cstackBANK0  00025
??_romwashprogram_getins            cstackBANK0  00021
??_romwashprogram_reqins            cstackBANK0  00023
??_rtc_init                         cstackBANK0  0003D
??_rtc_work                         cstackBANK0  00037
??_serial_init                      cstackBANK0  00034
??_serial_rx_isr                    cstackCOMMON 00072
??_serial_tx_isr                    cstackCOMMON 00072
??_set_Arm                          cstackBANK0  00021
??_set_Beeper                       cstackBANK0  0002F
??_set_Bowl                         cstackBANK0  00021
??_set_Dosage                       cstackBANK0  00021
??_set_Dryer                        cstackBANK0  00021
??_set_LED                          cstackBANK0  00022
??_set_LED_Cartridge                cstackBANK0  0002F
??_set_LED_Cat                      cstackBANK0  0002F
??_set_LED_Error                    cstackBANK0  0002F
??_set_LED_Locked                   cstackBANK0  0002F
??_set_Pump                         cstackBANK0  00021
??_set_mode                         cstackBANK0  00047
??_set_pacer                        cstackBANK0  0002B
??_settimeout                       cstackBANK0  00033
??_setup_long                       cstackBANK0  00021
??_setup_short                      cstackBANK0  0004A
??_setupbutton_event                cstackBANK0  00041
??_start_long                       cstackBANK0  00052
??_start_short                      cstackBANK0  00057
??_startbutton_event                cstackBANK0  00041
??_strlen                           cstackBANK0  00023
??_strncmp                          cstackBANK0  00029
??_timeoutexpired                   cstackBANK0  0002B
??_timeoutnever                     cstackBANK0  00027
??_timeoutnow                       cstackBANK0  00027
??_timer_init                       cstackBANK0  00021
??_timer_isr                        cstackCOMMON 00072
??_timestampdiff                    cstackBANK0  00025
??_update_autotimer                 cstackBANK0  0003D
??_update_display                   cstackBANK0  00032
??_userinterface_init               cstackBANK0  0004A
??_userinterface_work               cstackBANK0  00058
??_wait_instruction                 cstackBANK0  00037
??_water_detected                   cstackBANK0  00021
??_water_fill                       cstackBANK0  00021
??_water_filling                    cstackBANK0  00021
??_water_init                       cstackBANK0  00021
??_water_work                       cstackBANK0  00053
??_waterdetection_event             cstackBANK0  0004F
??_watersensor_event                cstackBANK0  00023
?___bmul                            cstackBANK0  00021
?___lldiv                           cstackBANK0  00021
?___lmul                            cstackBANK0  00021
?___lwdiv                           cstackBANK0  00021
?___lwmod                           cstackBANK0  00029
?___wmul                            cstackBANK0  00021
?_both_long                         cstackCOMMON 00072
?_both_short                        cstackCOMMON 00072
?_catgenie_init                     cstackCOMMON 00072
?_catgenie_work                     cstackCOMMON 00072
?_catsensor_event                   cstackCOMMON 00072
?_catsensor_init                    cstackCOMMON 00072
?_catsensor_isr_input               cstackCOMMON 00072
?_catsensor_isr_timer               cstackCOMMON 00072
?_catsensor_work                    cstackCOMMON 00072
?_cmd2index                         cstackBANK0  0002C
?_cmdline_init                      cstackCOMMON 00072
?_cmdline_work                      cstackCOMMON 00072
?_echo                              cstackBANK0  00047
?_eeprom_read                       cstackCOMMON 00072
?_eeprom_write                      cstackBANK0  00021
?_exe_instruction                   cstackCOMMON 00072
?_get_Arm                           cstackCOMMON 00072
?_get_Bowl                          cstackCOMMON 00072
?_get_Dosage                        cstackCOMMON 00072
?_get_Dryer                         cstackCOMMON 00072
?_get_Pump                          cstackCOMMON 00072
?_get_instruction                   cstackCOMMON 00072
?_gettimestamp                      cstackBANK0  00021
?_heatsensor_event                  cstackCOMMON 00072
?_interrupt_init                    cstackCOMMON 00072
?_isdigit                           cstackCOMMON 00072
?_isr                               cstackCOMMON 00072
?_key_Beep                          cstackCOMMON 00072
?_litterlanguage_cleanup            cstackCOMMON 00072
?_litterlanguage_event              cstackBANK0  00057
?_litterlanguage_init               cstackCOMMON 00072
?_litterlanguage_pause              cstackCOMMON 00072
?_litterlanguage_paused             cstackCOMMON 00072
?_litterlanguage_running            cstackCOMMON 00072
?_litterlanguage_start              cstackCOMMON 00072
?_litterlanguage_stop               cstackCOMMON 00072
?_litterlanguage_work               cstackCOMMON 00072
?_main                              cstackCOMMON 00072
?_memcpy                            cstackBANK0  00021
?_postponetimeout                   cstackBANK0  00021
?_printf                            cstackBANK0  0002F
?_printtime                         cstackCOMMON 00072
?_proc_char                         cstackCOMMON 00072
?_proc_line                         cstackCOMMON 00072
?_process_button                    cstackBANK0  0003D
?_putch                             cstackCOMMON 00072
?_readch                            cstackCOMMON 00072
?_req_instruction                   cstackBANK0  00023
?_romwashprogram_getins             cstackCOMMON 00072
?_romwashprogram_reqins             cstackBANK0  00021
?_rtc_init                          cstackCOMMON 00072
?_rtc_work                          cstackCOMMON 00072
?_serial_init                       cstackBANK0  0002F
?_serial_rx_isr                     cstackCOMMON 00072
?_serial_tx_isr                     cstackCOMMON 00072
?_set_Arm                           cstackCOMMON 00072
?_set_Beeper                        cstackBANK0  0002E
?_set_Bowl                          cstackCOMMON 00072
?_set_Dosage                        cstackCOMMON 00072
?_set_Dryer                         cstackCOMMON 00072
?_set_LED                           cstackBANK0  00021
?_set_LED_Cartridge                 cstackBANK0  0002E
?_set_LED_Cat                       cstackBANK0  0002E
?_set_LED_Error                     cstackBANK0  0002E
?_set_LED_Locked                    cstackBANK0  0002E
?_set_Pump                          cstackCOMMON 00072
?_set_mode                          cstackCOMMON 00072
?_set_pacer                         cstackBANK0  00029
?_settimeout                        cstackBANK0  0002D
?_setup_long                        cstackCOMMON 00072
?_setup_short                       cstackCOMMON 00072
?_setupbutton_event                 cstackBANK0  00040
?_start_long                        cstackCOMMON 00072
?_start_short                       cstackCOMMON 00072
?_strlen                            cstackBANK0  00021
?_strncmp                           cstackBANK0  00025
?_timeoutexpired                    cstackBANK0  00029
?_timeoutnever                      cstackBANK0  00025
?_timeoutnow                        cstackBANK0  00025
?_timer_init                        cstackCOMMON 00072
?_timer_isr                         cstackCOMMON 00072
?_timestampdiff                     cstackBANK0  00021
?_update_autotimer                  cstackCOMMON 00072
?_update_display                    cstackCOMMON 00072
?_userinterface_init                cstackCOMMON 00072
?_userinterface_work                cstackCOMMON 00072
?_wait_instruction                  cstackCOMMON 00072
?_water_detected                    cstackCOMMON 00072
?_water_fill                        cstackCOMMON 00072
?_water_filling                     cstackCOMMON 00072
?_water_init                        cstackCOMMON 00072
?_water_work                        cstackCOMMON 00072
?_waterdetection_event              cstackCOMMON 00072
?_watersensor_event                 cstackBANK0  00021
_ADCON0bits                         (abs)        0009D
_ADCON1bits                         (abs)        0009E
_ADRES                              (abs)        0009B
_ANSELA                             (abs)        0018C
_ANSELB                             (abs)        0018D
_ANSELD                             (abs)        0018F
_ANSELE                             (abs)        00190
_BRG16                              (abs)        00CFB
_BRGH                               (abs)        00CF2
_CARRY                              (abs)        00018
_CCP1CON                            (abs)        00293
_CCPR1L                             (abs)        00291
_CREN                               (abs)        00CEC
_CSRC                               (abs)        00CF7
_EEADR                              (abs)        00191
_EECON1                             (abs)        00195
_EECON2                             (abs)        00196
_EEDATA                             (abs)        00193
_FERR                               (abs)        00CEA
_GIE                                (abs)        0005F
_IOCBF                              (abs)        00396
_IOCBN                              (abs)        00395
_IOCBP                              (abs)        00394
_IOCIE                              (abs)        0005B
_IOCIF                              (abs)        00058
_LATA                               (abs)        0010C
_LATB                               (abs)        0010D
_LATC                               (abs)        0010E
_LATD                               (abs)        0010F
_LATE                               (abs)        00110
_OERR                               (abs)        00CE9
_PEIE                               (abs)        0005E
_PORTA                              (abs)        0000C
_PORTB                              (abs)        0000D
_PORTB_old                          bssBANK1     000D4
_PORTC                              (abs)        0000E
_PORTD                              (abs)        0000F
_PORTE                              (abs)        00010
_PR2                                (abs)        0001B
_RCIE                               (abs)        0048D
_RCIF                               (abs)        0008D
_RCREG                              (abs)        00199
_RD                                 (abs)        00CA8
_RX9                                (abs)        00CEE
_SPBRG                              (abs)        0019B
_SPBRGH                             (abs)        0019C
_SPEN                               (abs)        00CEF
_SYNC                               (abs)        00CF4
_T1CKPS0                            (abs)        000C4
_T1CKPS1                            (abs)        000C5
_T1OSCEN                            (abs)        000C3
_T2CON                              (abs)        0001C
_TMR1CS0                            (abs)        000C6
_TMR1CS1                            (abs)        000C7
_TMR1H                              (abs)        00017
_TMR1IE                             (abs)        00488
_TMR1IF                             (abs)        00088
_TMR1L                              (abs)        00016
_TMR1ON                             (abs)        000C0
_TMR2IE                             (abs)        00489
_TMR2IF                             (abs)        00089
_TMR2ON                             (abs)        000E2
_TRISA                              (abs)        0008C
_TRISB                              (abs)        0008D
_TRISC                              (abs)        0008E
_TRISD                              (abs)        0008F
_TRISE                              (abs)        00090
_TX9                                (abs)        00CF6
_TXEN                               (abs)        00CF5
_TXIE                               (abs)        0048C
_TXIF                               (abs)        0008C
_TXREG                              (abs)        0019A
_WPUB                               (abs)        0020D
_WPUE                               (abs)        00210
_WR                                 (abs)        00CA9
_WREN                               (abs)        00CAA
__Habs1                             abs1         00000
__Hbank0                            bank0        00000
__Hbank1                            bank1        00000
__Hbank10                           bank10       00000
__Hbank11                           bank11       00000
__Hbank12                           bank12       00000
__Hbank13                           bank13       00000
__Hbank14                           bank14       00000
__Hbank15                           bank15       00000
__Hbank16                           bank16       00000
__Hbank17                           bank17       00000
__Hbank18                           bank18       00000
__Hbank19                           bank19       00000
__Hbank2                            bank2        00000
__Hbank20                           bank20       00000
__Hbank21                           bank21       00000
__Hbank22                           bank22       00000
__Hbank23                           bank23       00000
__Hbank24                           bank24       00000
__Hbank25                           bank25       00000
__Hbank26                           bank26       00000
__Hbank27                           bank27       00000
__Hbank28                           bank28       00000
__Hbank29                           bank29       00000
__Hbank3                            bank3        00000
__Hbank30                           bank30       00000
__Hbank31                           bank31       00000
__Hbank4                            bank4        00000
__Hbank5                            bank5        00000
__Hbank6                            bank6        00000
__Hbank7                            bank7        00000
__Hbank8                            bank8        00000
__Hbank9                            bank9        00000
__Hbigram                           bigram       00000
__HbitbssBANK0                      bitbssBANK0  00000
__HbitbssCOMMON                     bitbssCOMMON 00000
__HbssBANK0                         bssBANK0     00000
__HbssBANK1                         bssBANK1     00000
__HbssBANK2                         bssBANK2     00000
__HbssBANK3                         bssBANK3     00000
__Hcinit                            cinit        00000
__Hclrtext                          clrtext      00000
__Hcode                             code         00000
__Hcommon                           common       00000
__Hconfig                           config       08009
__HcstackBANK0                      cstackBANK0  00000
__HcstackBANK1                      cstackBANK1  00000
__HcstackCOMMON                     cstackCOMMON 00000
__HdataBANK0                        dataBANK0    00000
__HdataBANK1                        dataBANK1    00000
__HdataBANK2                        dataBANK2    00000
__HdataBANK3                        dataBANK3    00000
__HdataBANK4                        dataBANK4    00000
__Heeprom_data                      eeprom_data  00000
__Hend_init                         end_init     00053
__Hfunctab                          functab      0010B
__HidataBANK0                       idataBANK0   00000
__HidataBANK1                       idataBANK1   00000
__HidataBANK2                       idataBANK2   00000
__HidataBANK3                       idataBANK3   00000
__HidataBANK4                       idataBANK4   00000
__Hidloc                            idloc        00000
__Hinit                             init         00050
__Hinittext                         inittext     00000
__Hintentry                         intentry     0004E
__Hmaintext                         maintext     00000
__Hpowerup                          powerup      00000
__Hram                              ram          00000
__Hreset_vec                        reset_vec    00002
__Hsfr0                             sfr0         00000
__Hsfr1                             sfr1         00000
__Hsfr10                            sfr10        00000
__Hsfr11                            sfr11        00000
__Hsfr12                            sfr12        00000
__Hsfr13                            sfr13        00000
__Hsfr14                            sfr14        00000
__Hsfr15                            sfr15        00000
__Hsfr16                            sfr16        00000
__Hsfr17                            sfr17        00000
__Hsfr18                            sfr18        00000
__Hsfr19                            sfr19        00000
__Hsfr2                             sfr2         00000
__Hsfr20                            sfr20        00000
__Hsfr21                            sfr21        00000
__Hsfr22                            sfr22        00000
__Hsfr23                            sfr23        00000
__Hsfr24                            sfr24        00000
__Hsfr25                            sfr25        00000
__Hsfr26                            sfr26        00000
__Hsfr27                            sfr27        00000
__Hsfr28                            sfr28        00000
__Hsfr29                            sfr29        00000
__Hsfr3                             sfr3         00000
__Hsfr30                            sfr30        00000
__Hsfr31                            sfr31        00000
__Hsfr4                             sfr4         00000
__Hsfr5                             sfr5         00000
__Hsfr6                             sfr6         00000
__Hsfr7                             sfr7         00000
__Hsfr8                             sfr8         00000
__Hsfr9                             sfr9         00000
__Hstrings                          strings      00000
__Hstringtext                       stringtext   00000
__Htext                             text         00000
__Labs1                             abs1         00000
__Lbank0                            bank0        00000
__Lbank1                            bank1        00000
__Lbank10                           bank10       00000
__Lbank11                           bank11       00000
__Lbank12                           bank12       00000
__Lbank13                           bank13       00000
__Lbank14                           bank14       00000
__Lbank15                           bank15       00000
__Lbank16                           bank16       00000
__Lbank17                           bank17       00000
__Lbank18                           bank18       00000
__Lbank19                           bank19       00000
__Lbank2                            bank2        00000
__Lbank20                           bank20       00000
__Lbank21                           bank21       00000
__Lbank22                           bank22       00000
__Lbank23                           bank23       00000
__Lbank24                           bank24       00000
__Lbank25                           bank25       00000
__Lbank26                           bank26       00000
__Lbank27                           bank27       00000
__Lbank28                           bank28       00000
__Lbank29                           bank29       00000
__Lbank3                            bank3        00000
__Lbank30                           bank30       00000
__Lbank31                           bank31       00000
__Lbank4                            bank4        00000
__Lbank5                            bank5        00000
__Lbank6                            bank6        00000
__Lbank7                            bank7        00000
__Lbank8                            bank8        00000
__Lbank9                            bank9        00000
__Lbigram                           bigram       00000
__LbitbssBANK0                      bitbssBANK0  00000
__LbitbssCOMMON                     bitbssCOMMON 00000
__LbssBANK0                         bssBANK0     00000
__LbssBANK1                         bssBANK1     00000
__LbssBANK2                         bssBANK2     00000
__LbssBANK3                         bssBANK3     00000
__Lcinit                            cinit        00000
__Lclrtext                          clrtext      00000
__Lcode                             code         00000
__Lcommon                           common       00000
__Lconfig                           config       08007
__LcstackBANK0                      cstackBANK0  00000
__LcstackBANK1                      cstackBANK1  00000
__LcstackCOMMON                     cstackCOMMON 00000
__LdataBANK0                        dataBANK0    00000
__LdataBANK1                        dataBANK1    00000
__LdataBANK2                        dataBANK2    00000
__LdataBANK3                        dataBANK3    00000
__LdataBANK4                        dataBANK4    00000
__Leeprom_data                      eeprom_data  00000
__Lend_init                         end_init     00050
__Lfunctab                          functab      00100
__LidataBANK0                       idataBANK0   00000
__LidataBANK1                       idataBANK1   00000
__LidataBANK2                       idataBANK2   00000
__LidataBANK3                       idataBANK3   00000
__LidataBANK4                       idataBANK4   00000
__Lidloc                            idloc        00000
__Linit                             init         0004E
__Linittext                         inittext     00000
__Lintentry                         intentry     00004
__Lmaintext                         maintext     00000
__Lpowerup                          powerup      00000
__Lram                              ram          00000
__Lreset_vec                        reset_vec    00000
__Lsfr0                             sfr0         00000
__Lsfr1                             sfr1         00000
__Lsfr10                            sfr10        00000
__Lsfr11                            sfr11        00000
__Lsfr12                            sfr12        00000
__Lsfr13                            sfr13        00000
__Lsfr14                            sfr14        00000
__Lsfr15                            sfr15        00000
__Lsfr16                            sfr16        00000
__Lsfr17                            sfr17        00000
__Lsfr18                            sfr18        00000
__Lsfr19                            sfr19        00000
__Lsfr2                             sfr2         00000
__Lsfr20                            sfr20        00000
__Lsfr21                            sfr21        00000
__Lsfr22                            sfr22        00000
__Lsfr23                            sfr23        00000
__Lsfr24                            sfr24        00000
__Lsfr25                            sfr25        00000
__Lsfr26                            sfr26        00000
__Lsfr27                            sfr27        00000
__Lsfr28                            sfr28        00000
__Lsfr29                            sfr29        00000
__Lsfr3                             sfr3         00000
__Lsfr30                            sfr30        00000
__Lsfr31                            sfr31        00000
__Lsfr4                             sfr4         00000
__Lsfr5                             sfr5         00000
__Lsfr6                             sfr6         00000
__Lsfr7                             sfr7         00000
__Lsfr8                             sfr8         00000
__Lsfr9                             sfr9         00000
__Lstrings                          strings      00000
__Lstringtext                       stringtext   00000
__Ltext                             text         00000
__S0                                (abs)        08009
__S1                                (abs)        0025C
__S2                                (abs)        00000
___bmul                             text3367     02912
___bmul@multiplicand                cstackBANK0  00021
___bmul@multiplier                  cstackBANK0  00024
___bmul@product                     cstackBANK0  00023
___lldiv                            text3362     0206C
___lldiv@counter                    cstackBANK0  0002E
___lldiv@dividend                   cstackBANK0  00025
___lldiv@divisor                    cstackBANK0  00021
___lldiv@quotient                   cstackBANK0  0002A
___lmul                             text3363     02C2C
___lmul@multiplicand                cstackBANK0  00025
___lmul@multiplier                  cstackBANK0  00021
___lmul@product                     cstackBANK0  00029
___lwdiv                            text3365     00945
___lwdiv@counter                    cstackBANK0  00026
___lwdiv@dividend                   cstackBANK0  00023
___lwdiv@divisor                    cstackBANK0  00021
___lwdiv@quotient                   cstackBANK0  00027
___lwmod                            text3364     02CD8
___lwmod@counter                    cstackBANK0  0002E
___lwmod@dividend                   cstackBANK0  0002B
___lwmod@divisor                    cstackBANK0  00029
___powerdown                        (abs)        00103
___resetbits                        (abs)        00020
___timeout                          (abs)        00104
___wmul                             text3366     02A9E
___wmul@multiplicand                cstackBANK0  00023
___wmul@multiplier                  cstackBANK0  00021
___wmul@product                     cstackBANK0  00025
__end_of___bmul                     text3367     0292C
__end_of___lldiv                    text3362     020CF
__end_of___lmul                     text3363     02C64
__end_of___lwdiv                    text3365     0098C
__end_of___lwmod                    text3364     02D17
__end_of___wmul                     text3366     02AC3
__end_of_both_long                  text3354     037DE
__end_of_both_short                 text3345     02888
__end_of_catgenie_init              text3361     000FF
__end_of_catgenie_work              text3317     01256
__end_of_catsensor_event            text3327     0192D
__end_of_catsensor_init             text3403     03783
__end_of_catsensor_isr_input        text3408     0374A
__end_of_catsensor_isr_timer        text3409     02962
__end_of_catsensor_work             text3325     026BD
__end_of_cmd2index                  text3352     02E3B
__end_of_cmdline_init               text3350     03758
__end_of_cmdline_work               text3324     02A12
__end_of_echo                       text3337     024B4
__end_of_eeprom_read                text3399     02A56
__end_of_eeprom_write               text3400     02C2C
__end_of_exe_instruction            text3311     01000
__end_of_get_Arm                    text3390     029F3
__end_of_get_Bowl                   text3392     029D5
__end_of_get_Dosage                 text3387     03701
__end_of_get_Dryer                  text3385     03706
__end_of_get_Pump                   text3396     036FC
__end_of_get_instruction            text3356     00200
__end_of_gettimestamp               text3383     02D9F
__end_of_heatsensor_event           text3321     0289D
__end_of_help                       text3338     03000
__end_of_interrupt_init             text3401     03733
__end_of_isdigit                    text3368     028C9
__end_of_isr                        intentry     0004E
__end_of_key_Beep                   text3344     02AE9
__end_of_litterlanguage_cleanup     text3336     02C9C
__end_of_litterlanguage_event       text3312     0226F
__end_of_litterlanguage_init        text3330     025AD
__end_of_litterlanguage_pause       text3323     014A0
__end_of_litterlanguage_paused      text3381     0370B
__end_of_litterlanguage_running     text3393     0372A
__end_of_litterlanguage_start       text3335     02D57
__end_of_litterlanguage_stop        text3313     02206
__end_of_litterlanguage_work        text3310     02000
__end_of_main                       maintext     02800
__end_of_memcpy                     text3377     02B98
__end_of_postponetimeout            text3373     02F43
__end_of_printf                     text3359     01800
__end_of_printtime                  text3348     02B6A
__end_of_proc_char                  text3326     0262E
__end_of_proc_line                  text3332     01BF4
__end_of_process_button             text3328     0219D
__end_of_putch                      text3372     02B3D
__end_of_readch                     text3371     022DB
__end_of_req_instruction            text3357     02873
__end_of_romwashprogram_getins      text3378     02912
__end_of_romwashprogram_reqins      text3379     0283D
__end_of_rtc_init                   text3351     029B7
__end_of_rtc_work                   text3349     0206C
__end_of_serial_init                text3360     019F9
__end_of_serial_rx_isr              text3407     01ACA
__end_of_serial_tx_isr              text3406     01002
__end_of_set_Arm                    text3389     02A9E
__end_of_set_Beeper                 text3343     03792
__end_of_set_Bowl                   text3391     02A7A
__end_of_set_Dosage                 text3394     037EF
__end_of_set_Dryer                  text3384     0284E
__end_of_set_LED                    text3374     02DED
__end_of_set_LED_Cartridge          text3341     037B0
__end_of_set_LED_Cat                text3340     037BF
__end_of_set_LED_Error              text3342     037A1
__end_of_set_LED_Locked             text3339     037CE
__end_of_set_Pump                   text3386     03800
__end_of_set_mode                   text3334     02EE8
__end_of_set_pacer                  text3353     0243A
__end_of_settimeout                 text3355     02134
__end_of_setup_long                 text3375     00100
__end_of_setup_short                text3329     01878
__end_of_setupbutton_event          text3320     03766
__end_of_start_long                 text3315     02946
__end_of_start_short                text3316     02A33
__end_of_startbutton_event          text3319     03774
__end_of_strlen                     text3370     02BF5
__end_of_strncmp                    text3369     02E8E
__end_of_timeoutexpired             text3358     023C0
__end_of_timeoutnever               text3395     0297E
__end_of_timeoutnow                 text3376     0299A
__end_of_timer_init                 text3404     0373E
__end_of_timer_isr                  text3410     02B10
__end_of_timestampdiff              text3382     01D32
__end_of_update_autotimer           text3346     0274D
__end_of_update_display             text3333     00B3D
__end_of_userinterface_init         text3331     02BC6
__end_of_userinterface_work         text3314     01E8C
__end_of_wait_instruction           text3347     02530
__end_of_water_detected             text3398     03711
__end_of_water_fill                 text3388     028B3
__end_of_water_filling              text3397     03717
__end_of_water_init                 text3402     0102B
__end_of_water_work                 text3318     001ED
__end_of_waterdetection_event       text3322     0234C
__end_of_watersensor_event          text3380     01003
__pbitbssBANK0                      bitbssBANK0  00368
__pbitbssCOMMON                     bitbssCOMMON 00380
__pbssBANK0                         bssBANK0     00062
__pbssBANK1                         bssBANK1     000C6
__pbssBANK2                         bssBANK2     00120
__pbssBANK3                         bssBANK3     001A0
__pcstackBANK0                      cstackBANK0  00021
__pcstackBANK1                      cstackBANK1  000A0
[...]
__size_of_strncmp                   (abs)        00000
__size_of_timeoutexpired            (abs)        00000
__size_of_timeoutnever              (abs)        00000
__size_of_timeoutnow                (abs)        00000
__size_of_timer_init                (abs)        00000
__size_of_timer_isr                 (abs)        00000
__size_of_timestampdiff             (abs)        00000
__size_of_update_autotimer          (abs)        00000
__size_of_update_display            (abs)        00000
__size_of_userinterface_init        (abs)        00000
__size_of_userinterface_work        (abs)        00000
__size_of_wait_instruction          (abs)        00000
__size_of_water_detected            (abs)        00000
__size_of_water_fill                (abs)        00000
__size_of_water_filling             (abs)        00000
__size_of_water_init                (abs)        00000
__size_of_water_work                (abs)        00000
__size_of_waterdetection_event      (abs)        00000
__size_of_watersensor_event         (abs)        00000
__stringtab                         stringtext   00200
_auto_mode                          bssBANK0     00062
_autotimer                          dataBANK1    000DE
_beep_bits                          bssBANK1     000DD
_both_long                          text3354     037CE
_both_short                         text3345     02873
_buttonmask_cum                     bssBANK1     000D5
_buttonmask_cur                     bssBANK1     000D6
_buttonmask_evt                     bssBANK1     000D7
_cart_level                         dataBANK0    0006E
_cartridgetimeout                   bssBANK2     00140
_cat_detected                       bitbssCOMMON 00380
_cat_present                        bitbssCOMMON 00381
_catgenie_init                      text3361     00053
_catgenie_work                      text3317     0102B
_catgenie_work$30516                cstackBANK0  00048
_catsensor_event                    text3327     01878
_catsensor_event$10731              cstackBANK0  0004F
_catsensor_init                     text3403     03774
_catsensor_isr_input                text3408     0373E
_catsensor_isr_timer                text3409     02946
_catsensor_work                     text3325     0262E
_cattimer                           bssBANK2     00146
_cleanupprogram                     stringtext   004EC
_cmd2index                          text3352     02DED
_cmdline_init                       text3350     0374A
_cmdline_work                       text3324     029F3
_commands                           stringtext   00510
_cur_instruction                    bssBANK0     00068
_currenttime                        bssBANK1     000C6
_debouncer                          dataBANK2    00158
_debouncers                         dataBANK3    001BF
_detected                           bitbssBANK0  00368
_detected_cur                       bitbssCOMMON 00382
_detected_dbc                       bitbssBANK0  00369
_detected_old                       bitbssBANK0  0036A
_dpowers                            stringtext   00201
_drain                              stringtext   004AD
_drain_dry                          stringtext   00342
_echo                               text3337     0243A
_echo$17766                         cstackBANK0  0004A
_echoed                             bitbssCOMMON 00383
_eeprom_read                        text3399     02A33
_eeprom_write                       text3400     02BF5
_error_drain                        bitbssCOMMON 00384
_error_execution                    bitbssCOMMON 00385
_error_fill                         bitbssCOMMON 00386
_error_flood                        bitbssCOMMON 00387
_error_nr                           bssBANK0     00063
_error_overheat                     bitbssCOMMON 00388
_exe_instruction                    text3311     00B3D
_exe_instruction$30243              cstackBANK1  000A0
_exe_instruction$30244              cstackBANK1  000A2
_exe_instruction$5957               cstackBANK1  000A6
_exe_instruction$5958               cstackBANK1  000A8
_exe_instruction$5963               cstackBANK1  000AA
_exe_instruction$5964               cstackBANK1  000AC
_exe_instruction$5970               cstackBANK1  000AE
_exe_instruction$5971               cstackBANK1  000B0
_exe_instruction$5979               cstackBANK1  000B2
_exe_instruction$5980               cstackBANK1  000B4
_exe_instruction$5988               cstackBANK1  000B6
_exe_instruction$5989               cstackBANK1  000B8
_exe_instruction$5996               cstackBANK1  000BA
_exe_instruction$5997               cstackBANK1  000BC
_exe_instruction$6001               cstackBANK1  000BE
_exe_instruction$6005               cstackBANK1  000C0
_exe_instruction$6009               cstackBANK1  000C2
_exe_instruction$6013               cstackBANK1  000C4
_exit                               init         0004E
_filling                            bitbssBANK0  0036B
_full_wash                          bitbssCOMMON 00389
_get_Arm                            text3390     029D5
_get_Bowl                           text3392     029B7
_get_Dosage                         text3387     036FC
_get_Dryer                          text3385     03701
_get_Pump                           text3396     036F7
_get_instruction                    text3356     001ED
_gettimestamp                       text3383     02D57
_heat_old                           bitbssCOMMON 0038A
_heatsensor_event                   text3321     02888
_help                               text3338     02FA1
_help$30527                         cstackBANK0  0004B
_hexpowers                          stringtext   0020B
_holdtimeout                        dataBANK2    0015E
_hysteresis                         bssBANK0     00064
_ins_address                        bssBANK1     000CE
_ins_pointer                        bssBANK0     0006B
_ins_state                          bssBANK0     00065
_interrupt_init                     text3401     0372A
_interval                           bssBANK1     000D8
_isdigit                            text3368     028B3
_isdigit$29805                      cstackBANK0  00021
_isr                                intentry     00004
_key_Beep                           text3344     02AC3
_ledalwayson                        bitbssBANK0  0036C
_linebuffer                         bssBANK3     001A0
_litterlanguage_cleanup             text3336     02C64
_litterlanguage_cleanup$5944        cstackBANK0  0004F
_litterlanguage_event               text3312     02206
_litterlanguage_init                text3330     02530
_litterlanguage_pause               text3323     01256
_litterlanguage_paused              text3381     03706
_litterlanguage_running             text3393     03723
_litterlanguage_start               text3335     02D17
_litterlanguage_start$5891          cstackBANK0  0004F
_litterlanguage_stop                text3313     0219D
_litterlanguage_work                text3310     01E8C
_litterlanguage_work$5881           cstackBANK0  0005C
_localecho                          dataBANK0    0006F
_locked                             bitbssCOMMON 0038B
_longhandled                        bitbssCOMMON 0038C
_main                               maintext     0274D
_memcpy                             text3377     02B6A
_nBOR                               (abs)        004B0
_nPOR                               (abs)        004B1
_nT1SYNC                            (abs)        000C2
_nWPUEN                             (abs)        004AF
_overflows                          bssBANK1     000CA
_pacers                             dataBANK4    00220
_panel_mode                         bssBANK1     000D9
_paused                             bitbssCOMMON 0038D
_pinging                            bitbssCOMMON 0038E
_pingtime                           bssBANK3     001B4
_postponetimeout                    text3373     02EE8
_prg_source                         bssBANK1     000DA
_printf                             text3359     014A0
_printtime                          text3348     02B3D
_proc_char                          text3326     025AD
_proc_line                          text3332     01ACA
_proc_line$30521                    cstackBANK0  00055
_process_button                     text3328     02134
_putch                              text3372     02B10
_readch                             text3371     0226F
_req_instruction                    text3357     02860
_romwashprogram_getins              text3378     028F8
_romwashprogram_reqins              text3379     02832
_rtc_init                           text3351     0299A
_rtc_work                           text3349     0200C
_rx                                 bssBANK2     00131
_second                             bssBANK2     0014C
_sensortimer                        bssBANK2     00152
_serial_init                        text3360     0192D
_serial_rx_isr                      text3407     019F9
_serial_rx_isr$22355                cstackCOMMON 00079
_serial_tx_isr                      text3406     01001
_set_Arm                            text3389     02A7A
_set_Beeper                         text3343     03783
_set_Bowl                           text3391     02A56
_set_Dosage                         text3394     037DE
_set_Dryer                          text3384     0283D
_set_LED                            text3374     02D9F
_set_LED_Cartridge                  text3341     037A1
_set_LED_Cat                        text3340     037B0
_set_LED_Error                      text3342     03792
_set_LED_Locked                     text3339     037BF
_set_Pump                           text3386     037EF
_set_mode                           text3334     02E8E
_set_pacer                          text3353     023C0
_settimeout                         text3355     020CF
_setup_long                         text3375     000FF
_setup_short                        text3329     01801
_setup_short$10743                  cstackBANK0  0004B
_setupbutton_event                  text3320     03758
_start_long                         text3315     0292C
_start_short                        text3316     02A12
_startbutton_event                  text3319     03766
_state                              bssBANK0     00066
_strlen                             text3370     02BC6
_strncmp                            text3369     02E3B
_surface                            stringtext   00459
_timeoutexpired                     text3358     0234C
_timeoutnever                       text3395     02962
_timeoutnow                         text3376     0297E
_timer_autodose                     dataBANK2    00164
_timer_drain                        dataBANK1    000E4
_timer_fill                         dataBANK1    000EA
_timer_init                         text3404     03733
_timer_isr                          text3410     02AE9
_timer_waitins                      dataBANK2    0016A
_timestampdiff                      text3382     01BF4
_update_autotimer                   text3346     026BD
_update_display                     text3333     0098C
_uptime                             bssBANK2     0013A
_userinterface_init                 text3331     02B98
_userinterface_work                 text3314     01D32
_wait_instruction                   text3347     024B4
_washprogram                        stringtext   00213
_water_detected                     text3398     0370B
_water_fill                         text3388     0289D
_water_filling                      text3397     03711
_water_init                         text3402     01003
_water_work                         text3318     0010B
_waterdetection_event               text3322     022DB
_waterdetection_event$5930          cstackBANK0  00050
_watersensor_event                  text3380     01002
_wet_program                        bitbssBANK0  0036D
btemp                               (abs)        0007E
catgenie120@PORTB_old               bssBANK1     000DB
catgenie_init@mask                  cstackBANK0  00028
catgenie_init@temp                  cstackBANK0  00029
catgenie_work@mask                  cstackBANK0  00049
catgenie_work@status                cstackBANK0  0004A
catgenie_work@temp                  cstackBANK0  0004C
catgenie_work@tempstate             cstackBANK0  0004B
catsensor_event@detected            cstackBANK0  00051
clear_ram                           clrtext      0371D
cmd2index@cmd                       cstackBANK0  0002F
cmd2index@index                     cstackBANK0  00030
cmdline_work@rxd                    cstackBANK0  0005F
echo@argc                           cstackBANK0  00047
echo@argv                           cstackBANK0  00049
eeprom_read@addr                    cstackBANK0  00024
eeprom_write@addr                   cstackBANK0  00024
eeprom_write@value                  cstackBANK0  00021
end_of_initialization               cinit        02F9E
exe_instruction@ret_address         bssBANK1     000D0
exe_instruction@temp                cstackBANK1  000A4
fpbase                              functab      00102
fptable                             functab      00100
fptotal                             (abs)        00009
get_instruction@instruction         cstackBANK0  00025
gettimestamp@bytes                  cstackBANK0  00026
gettimestamp@temp                   cstackBANK0  00028
gettimestamp@ticks                  cstackBANK0  00021
heatsensor_event@detected           cstackBANK0  00022
help@argc                           cstackBANK0  00047
help@argv                           cstackBANK0  00049
help@index                          cstackBANK0  0004D
init_ram                            inittext     03717
intlevel0                           functab      00100
intlevel1                           functab      00100
intlevel2                           functab      00100
intlevel3                           functab      00100
intlevel4                           functab      00100
intlevel5                           functab      00100
isdigit@c                           cstackBANK0  00022
isr@temp                            cstackCOMMON 0007D
key_Beep@F3155                      dataBANK3    001BA
key_Beep@beeps                      cstackBANK0  00034
key_Beep@pattern                    cstackBANK0  0002F
litterlanguage_cleanup@wet          cstackBANK0  00051
litterlanguage_event@argument       cstackBANK0  00057
litterlanguage_event@event          cstackBANK0  00058
litterlanguage_init@flags           cstackBANK0  00054
litterlanguage_pause@context        bssBANK2     00120
litterlanguage_pause@pause          cstackBANK0  00050
litterlanguage_pause@timer_now      cstackBANK0  00051
litterlanguage_start@wet            cstackBANK0  00051
main@flags                          cstackBANK0  00061
memcpy@d                            cstackBANK0  00026
memcpy@d1                           cstackBANK0  00025
memcpy@n                            cstackBANK0  00022
memcpy@s                            cstackBANK0  00027
memcpy@s1                           cstackBANK0  00021
postponetimeout@longshort           cstackBANK0  0002F
postponetimeout@postpone            cstackBANK0  00023
postponetimeout@tempLongTicks       cstackBANK0  0002B
postponetimeout@timer_p             cstackBANK0  00021
printf@_val                         cstackBANK0  00043
printf@ap                           cstackBANK0  0003D
printf@c                            cstackBANK0  00042
printf@f                            cstackBANK0  0002F
printf@flag                         cstackBANK0  0003E
printf@prec                         cstackBANK0  00041
printf@width                        cstackBANK0  0003F
proc_char@curcolumn                 bssBANK0     00067
proc_char@rxd                       cstackBANK0  0005E
proc_line@argc                      cstackBANK0  00058
proc_line@argv                      cstackBANK0  00051
proc_line@index                     cstackBANK0  00056
proc_line@len                       cstackBANK0  0005A
proc_line@line                      cstackBANK0  0005C
process_button@button_mask          cstackBANK0  0003F
process_button@down                 cstackBANK0  0003D
putch@ch                            cstackBANK0  00022
putch@dummy                         cstackBANK0  00023
readch@ch                           cstackBANK0  00023
readch@result                       cstackBANK0  00024
req_instruction@instruction         cstackBANK0  00023
reset_vec                           reset_vec    00000
romwashprogram_getins@instruction   cstackBANK0  00024
romwashprogram_reqins@address       cstackBANK0  00021
rtc_init@flags                      cstackBANK0  0003D
serial_init@bitrate                 cstackBANK0  0002F
serial_init@divider                 cstackBANK0  00040
serial_init@flow                    cstackBANK0  00033
set_Arm@mode                        cstackBANK0  00022
set_Beeper@pattern                  cstackBANK0  00031
set_Beeper@repeat                   cstackBANK0  0002E
set_Bowl@mode                       cstackBANK0  00022
set_Dosage@on                       cstackBANK0  00022
set_Dryer@on                        cstackBANK0  00022
set_LED@latch                       cstackBANK0  00024
set_LED@led                         cstackBANK0  00023
set_LED@mask                        cstackBANK0  00025
set_LED@on                          cstackBANK0  00021
set_LED_Cartridge@pattern           cstackBANK0  00031
set_LED_Cartridge@repeat            cstackBANK0  0002E
set_LED_Cat@pattern                 cstackBANK0  00031
set_LED_Cat@repeat                  cstackBANK0  0002E
set_LED_Error@pattern               cstackBANK0  00031
set_LED_Error@repeat                cstackBANK0  0002E
set_LED_Locked@pattern              cstackBANK0  00031
set_LED_Locked@repeat               cstackBANK0  0002E
set_Pump@on                         cstackBANK0  00022
set_mode@mode                       cstackBANK0  00049
set_pacer@pacer                     cstackBANK0  0002D
set_pacer@pattern                   cstackBANK0  00029
set_pacer@repeat                    cstackBANK0  0002A
settimeout@longshort                cstackBANK0  0003B
settimeout@tempLongTicks            cstackBANK0  00037
settimeout@timer_p                  cstackBANK0  0002D
settimeout@timout                   cstackBANK0  0002F
setupbutton_event@up                cstackBANK0  00040
start                               init         0004E
start_initialization                cinit        02F43
startbutton_event@up                cstackBANK0  00040
strlen@cp                           cstackBANK0  0002A
strlen@s                            cstackBANK0  00029
strncmp@len                         cstackBANK0  00027
strncmp@s1                          cstackBANK0  0002B
strncmp@s2                          cstackBANK0  00025
timeoutexpired@currentTime          cstackBANK0  00031
timeoutexpired@timer_p              cstackBANK0  00029
timeoutnever@timer_p                cstackBANK0  00025
timeoutnow@timer_p                  cstackBANK0  00025
timestampdiff@diff                  cstackBANK0  0002D
timestampdiff@early_longshort       cstackBANK0  00031
timestampdiff@early_p               cstackBANK0  00021
timestampdiff@late_longshort        cstackBANK0  00033
timestampdiff@late_p                cstackBANK0  00023
update_autotimer@mode               cstackBANK0  0003D
userinterface_init@flags            cstackBANK0  0004B
userinterface_work@update           cstackBANK0  0005A
water@state                         bssBANK1     000DC
water_fill@fill                     cstackBANK0  00022
water_init@channel                  cstackBANK0  00023
water_init@mask                     cstackBANK0  00022
water_work@cur_reflectionquality    bssBANK1     000D2
water_work@old_reflectionquality    bssBANK2     0013E
waterdetection_event@detected       cstackBANK0  00052
watersensor_event@reflectionquality cstackBANK0  00021
wtemp0                              (abs)        0007E
